###############################################################################
#
# IAR ELF Linker V8.40.1.212/W32 for ARM                  19/Nov/2019  11:58:02
# Copyright 2007-2019 IAR Systems AB.
#
#    Output file  =
#        C:\Users\ryuic\Downloads\Embarcados\Projects\lab3\Debug\Exe\lab3.out
#    Map file     =
#        C:\Users\ryuic\Downloads\Embarcados\Projects\lab3\Debug\List\lab3.map
#    Command line =
#        -f C:\Users\ryuic\AppData\Local\Temp\EWEA8.tmp
#        (C:\Users\ryuic\Downloads\Embarcados\TivaWare_C_Series-2.1.4.178\driverlib\ewarm\Exe\driverlib.a
#        C:\Users\ryuic\Downloads\Embarcados\Projects\lab3\Debug\Obj\gpio.o
#        C:\Users\ryuic\Downloads\Embarcados\Projects\lab3\Debug\Obj\main.o
#        C:\Users\ryuic\Downloads\Embarcados\Projects\lab3\Debug\Obj\startup_TM4C1294.o
#        C:\Users\ryuic\Downloads\Embarcados\Projects\lab3\Debug\Obj\system_TM4C1294_TW.o
#        C:\Users\ryuic\Downloads\Embarcados\Projects\lab3\Debug\Obj\temporizador.o
#        C:\Users\ryuic\Downloads\Embarcados\Projects\lab3\Debug\Obj\UARTInit.o
#        C:\Users\ryuic\Downloads\Embarcados\Projects\lab3\Debug\Obj\uartstdio.o
#        --no_out_extension -o
#        C:\Users\ryuic\Downloads\Embarcados\Projects\lab3\Debug\Exe\lab3.out
#        --map
#        C:\Users\ryuic\Downloads\Embarcados\Projects\lab3\Debug\List\lab3.map
#        --config
#        D:\Programas\IAR\arm\config\linker\TexasInstruments\TM4C1294NC.icf
#        --semihosting --entry __iar_program_start --vfe --text_out locale)
#
###############################################################################

*******************************************************************************
*** RUNTIME MODEL ATTRIBUTES
***

CppFlavor       = *
__SystemLibrary = DLib
__dlib_version  = 6


*******************************************************************************
*** HEAP SELECTION
***

The basic heap was selected because some modules are built with
size limitations (and not runtime checking), and --advanced_heap
was not specified.


*******************************************************************************
*** PLACEMENT SUMMARY
***

"A0":  place at address 0x0 { ro section .intvec };
"P1":  place in [from 0x0 to 0xf'ffff] { ro };
define block CSTACK with size = 32K, alignment = 8 { };
define block HEAP with size = 64K, alignment = 8 { };
"P2":  place in [from 0x2000'0000 to 0x2003'ffff] {
          rw, block CSTACK, block HEAP };

  Section          Kind         Address    Size  Object
  -------          ----         -------    ----  ------
"A0":                                     0x3c0
  .intvec          ro code          0x0   0x3c0  startup_TM4C1294.o [1]
                                - 0x3c0   0x3c0

"P1":                                    0x1cdc
  .text            ro code        0x3c0   0x2ec  main.o [1]
  .text            ro code        0x6ac    0x52  S64ToDbl.o [4]
  .text            ro code        0x6fe    0x3a  zero_init3.o [5]
  .text            ro code        0x738   0x246  DblDiv.o [4]
  .text            ro code        0x97e     0x2  startup_TM4C1294.o [1]
  .text            ro code        0x980   0x17a  DblAdd.o [4]
  .text            ro code        0xafc   0x1a2  DblMul.o [4]
  .text            ro code        0xca0    0x28  DblToU32.o [4]
  .text            ro code        0xcc8    0x1a  U32ToDbl.o [4]
  .text            ro code        0xce4    0xe2  DblSub.o [4]
  .text            ro code        0xdc8    0x3a  DblToS32.o [4]
  .text            ro code        0xe04   0x252  uartstdio.o [1]
  .text            ro code       0x1058   0x194  gpio.o [1]
  .text            ro code       0x11ec    0x5c  UARTInit.o [1]
  .text            ro code       0x1248   0x21c  temporizador.o [1]
  .text            ro code       0x1464    0x52  round.o [4]
  .text            ro code       0x14b8   0x2ac  sysctl.o [3]
  .text            ro code       0x1764    0xb0  uart.o [3]
  .text            ro code       0x1814   0x1e0  gpio.o [3]
  .text            ro code       0x19f4   0x140  timer.o [3]
  .text            ro code       0x1b34    0xac  interrupt.o [3]
  .rodata          const         0x1be0   0x1b0  sysctl.o [3]
  .rodata          const         0x1d90    0xa0  timer.o [3]
  .rodata          const         0x1e30    0x90  gpio.o [3]
  .rodata          const         0x1ec0    0x6c  sysctl.o [3]
  .rodata          const         0x1f2c    0x30  sysctl.o [3]
  .text            ro code       0x1f5c    0x28  data_init.o [5]
  .iar.init_table  const         0x1f84    0x10  - Linker created -
  .text            ro code       0x1f94    0x20  system_TM4C1294_TW.o [1]
  .text            ro code       0x1fb4    0x1e  cmain.o [5]
  .text            ro code       0x1fd2     0x4  low_level_init.o [2]
  .text            ro code       0x1fd6     0x4  exit.o [2]
  .text            ro code       0x1fdc     0xa  cexit.o [5]
  .text            ro code       0x1fe8    0x14  exit.o [6]
  .rodata          const         0x1ffc    0x18  main.o [1]
  .rodata          const         0x2014    0x14  main.o [1]
  .rodata          const         0x2028    0x14  uartstdio.o [1]
  .text            ro code       0x203c    0x14  startup_TM4C1294.o [1]
  .rodata          const         0x2050    0x10  main.o [1]
  .rodata          const         0x2060     0xc  main.o [1]
  .rodata          const         0x206c     0xc  uartstdio.o [1]
  .rodata          const         0x2078     0xc  uartstdio.o [1]
  .text            ro code       0x2084     0xc  cstartup_M.o [5]
  .rodata          const         0x2090     0x8  uartstdio.o [1]
  .rodata          const         0x2098     0x4  uartstdio.o [1]
  .rodata          const         0x209c     0x0  zero_init3.o [5]
                               - 0x209c  0x1cdc

"P2", part 1 of 2:                        0x144
  .bss             zero     0x2000'0000    0x50  main.o [1]
  .bss             zero     0x2000'0050    0x50  main.o [1]
  .bss             zero     0x2000'00a0    0x28  main.o [1]
  .bss             zero     0x2000'00c8    0x28  main.o [1]
  .bss             zero     0x2000'00f0     0x8  main.o [1]
  .bss             zero     0x2000'00f8     0x8  main.o [1]
  .bss             zero     0x2000'0100     0x8  main.o [1]
  .bss             zero     0x2000'0108     0x8  main.o [1]
  .bss             zero     0x2000'0110     0x8  main.o [1]
  .bss             zero     0x2000'0118     0x8  main.o [1]
  .bss             zero     0x2000'0120     0x8  main.o [1]
  .bss             zero     0x2000'0128     0x8  main.o [1]
  .bss             zero     0x2000'0130     0x8  main.o [1]
  .bss             zero     0x2000'0138     0x4  uartstdio.o [1]
  .bss             zero     0x2000'013c     0x2  temporizador.o [1]
  .bss             zero     0x2000'013e     0x2  temporizador.o [1]
  .bss             zero     0x2000'0140     0x1  main.o [1]
  .bss             zero     0x2000'0141     0x1  temporizador.o [1]
  .bss             zero     0x2000'0142     0x1  temporizador.o [1]
                          - 0x2000'0143   0x143

"P2", part 2 of 2:                       0x8270
  VTABLE           uninit   0x2000'0400   0x26c  interrupt.o [3]
  .noinit          uninit   0x2000'066c     0x4  system_TM4C1294_TW.o [1]
  CSTACK                    0x2000'0670  0x8000  <Block>
    CSTACK         uninit   0x2000'0670  0x8000  <Block tail>
                          - 0x2000'8670  0x8270

Unused ranges:

         From           To      Size
         ----           --      ----
       0x209c     0xf'ffff  0xf'df64
  0x2000'0144  0x2000'03ff     0x2bc
  0x2000'8670  0x2003'ffff  0x3'7990


*******************************************************************************
*** INIT TABLE
***

          Address      Size
          -------      ----
Zero (__iar_zero_init3)
    1 destination range, total size 0x143:
          0x2000'0000  0x143



*******************************************************************************
*** MODULE SUMMARY
***

    Module                ro code  ro data  rw data
    ------                -------  -------  -------
command line/config:
    -----------------------------------------------
    Total:

C:\Users\ryuic\Downloads\Embarcados\Projects\lab3\Debug\Obj: [1]
    UARTInit.o                 92
    gpio.o                    404
    main.o                    748       72      313
    startup_TM4C1294.o        982
    system_TM4C1294_TW.o       32                 4
    temporizador.o            540                 6
    uartstdio.o               594       56        4
    -----------------------------------------------
    Total:                  3'392      128      327

dl7M_tln.a: [2]
    exit.o                      4
    low_level_init.o            4
    -----------------------------------------------
    Total:                      8

driverlib.a: [3]
    gpio.o                    480      144
    interrupt.o               172               620
    sysctl.o                  684      588
    timer.o                   320      160
    uart.o                    176
    -----------------------------------------------
    Total:                  1'832      892      620

m7M_tls.a: [4]
    DblAdd.o                  378
    DblDiv.o                  582
    DblMul.o                  418
    DblSub.o                  226
    DblToS32.o                 58
    DblToU32.o                 40
    S64ToDbl.o                 82
    U32ToDbl.o                 26
    round.o                    82
    -----------------------------------------------
    Total:                  1'892

rt7M_tl.a: [5]
    cexit.o                    10
    cmain.o                    30
    cstartup_M.o               12
    data_init.o                40
    zero_init3.o               58
    -----------------------------------------------
    Total:                    150

shb_l.a: [6]
    exit.o                     20
    -----------------------------------------------
    Total:                     20

    Gaps                       18
    Linker created                      16   32'768
---------------------------------------------------
    Grand Total:            7'312    1'036   33'715


*******************************************************************************
*** ENTRY LIST
***

Entry                       Address   Size  Type      Object
-----                       -------   ----  ----      ------
.iar.init_table$$Base        0x1f84          --   Gb  - Linker created -
.iar.init_table$$Limit       0x1f94          --   Gb  - Linker created -
?main                        0x1fb5         Code  Gb  cmain.o [5]
CSTACK$$Base            0x2000'0670          --   Gb  - Linker created -
CSTACK$$Limit           0x2000'8670          --   Gb  - Linker created -
GPIODirModeSet               0x1815   0x28  Code  Gb  gpio.o [3]
GPIOPadConfigSet             0x183d  0x102  Code  Gb  gpio.o [3]
GPIOPinConfigure             0x19b3   0x36  Code  Gb  gpio.o [3]
GPIOPinTypeGPIOInput         0x194b   0x14  Code  Gb  gpio.o [3]
GPIOPinTypeGPIOOutput        0x195f    0xa  Code  Gb  gpio.o [3]
GPIOPinTypeTimer             0x1983   0x14  Code  Gb  gpio.o [3]
GPIOPinTypeUART              0x1997   0x14  Code  Gb  gpio.o [3]
GPIOPinWrite                 0x193f    0x8  Code  Gb  gpio.o [3]
GPIO_Init                    0x1059  0x142  Code  Gb  gpio.o [1]
IntEnable                    0x1b5d   0x46  Code  Gb  interrupt.o [3]
IntRegister                  0x1b35   0x28  Code  Gb  interrupt.o [3]
PortM_Output                 0x119b   0x10  Code  Gb  gpio.o [1]
Region$$Table$$Base          0x1f84          --   Gb  - Linker created -
Region$$Table$$Limit         0x1f94          --   Gb  - Linker created -
SysCtlClockFreqSet           0x1523  0x1fc  Code  Gb  sysctl.o [3]
SysCtlPeripheralEnable       0x1505    0x8  Code  Gb  sysctl.o [3]
SysCtlPeripheralPresent
                             0x14d9    0xa  Code  Gb  sysctl.o [3]
SysCtlPeripheralReady        0x14e3    0x8  Code  Gb  sysctl.o [3]
SystemCoreClock         0x2000'066c    0x4  Data  Gb  system_TM4C1294_TW.o [1]
SystemInit                   0x1f95   0x10  Code  Gb  system_TM4C1294_TW.o [1]
TIMER0A_Handler              0x12d3   0x44  Code  Gb  temporizador.o [1]
TIMER1A_Handler              0x1297   0x3c  Code  Gb  temporizador.o [1]
TimerConfigure               0x1a43   0x54  Code  Gb  timer.o [3]
TimerControlEvent            0x1aad   0x16  Code  Gb  timer.o [3]
TimerEnable                  0x1a33   0x10  Code  Gb  timer.o [3]
TimerInit                    0x1317   0xe6  Code  Gb  temporizador.o [1]
TimerIntClear                0x1b2f    0x6  Code  Gb  timer.o [3]
TimerIntDisable              0x1b23    0xc  Code  Gb  timer.o [3]
TimerIntEnable               0x1b19    0xa  Code  Gb  timer.o [3]
TimerIntRegister             0x1aff   0x1a  Code  Gb  timer.o [3]
TimerLoadSet                 0x1adb   0x18  Code  Gb  timer.o [3]
TimerPrescaleSet             0x1ac3   0x18  Code  Gb  timer.o [3]
TimerValueGet                0x1af3    0xc  Code  Gb  timer.o [3]
UARTCharPut                  0x1805   0x10  Code  Gb  uart.o [3]
UARTConfigSetExpClk          0x1765   0x5c  Code  Gb  uart.o [3]
UARTDisable                  0x17db   0x22  Code  Gb  uart.o [3]
UARTEnable                   0x17c1   0x1a  Code  Gb  uart.o [3]
UARTInit                     0x11ed   0x5c  Code  Gb  UARTInit.o [1]
UARTStdioConfig               0xe05   0x48  Code  Gb  uartstdio.o [1]
UARTprintf                   0x1049    0xe  Code  Gb  uartstdio.o [1]
UARTvprintf                   0xe7b  0x1b6  Code  Gb  uartstdio.o [1]
UARTwrite                     0xe4d   0x2e  Code  Gb  uartstdio.o [1]
_SysCtlMemTimingGet          0x14b9   0x20  Code  Lc  sysctl.o [3]
_TimerIntNumberGet           0x19f5   0x3e  Code  Lc  timer.o [3]
__Vectors                       0x0          --   Gb  startup_TM4C1294.o [1]
__Vectors_End                 0x3c0         Data  Gb  startup_TM4C1294.o [1]
__Vectors_Size {Abs}          0x3c0          --   Gb  startup_TM4C1294.o [1]
__aeabi_d2iz                  0xdc9         Code  Gb  DblToS32.o [4]
__aeabi_d2uiz                 0xca1         Code  Gb  DblToU32.o [4]
__aeabi_dadd                  0x981         Code  Gb  DblAdd.o [4]
__aeabi_ddiv                  0x739         Code  Gb  DblDiv.o [4]
__aeabi_dmul                  0xafd         Code  Gb  DblMul.o [4]
__aeabi_dsub                  0xce5         Code  Gb  DblSub.o [4]
__aeabi_l2d                   0x6ad         Code  Gb  S64ToDbl.o [4]
__aeabi_ui2d                  0xcc9         Code  Gb  U32ToDbl.o [4]
__cmain                      0x1fb5         Code  Gb  cmain.o [5]
__exit                       0x1fe9   0x14  Code  Gb  exit.o [6]
__iar_dadd                    0xcf5         Code  Gb  DblSub.o [4]
__iar_data_init3             0x1f5d   0x28  Code  Gb  data_init.o [5]
__iar_dsub                    0x991         Code  Gb  DblAdd.o [4]
__iar_dsubStart               0x9a3         Code  Gb  DblAdd.o [4]
__iar_init_vfp               0x2045         Code  Wk  startup_TM4C1294.o [1]
__iar_program_start          0x2085         Code  Gb  cstartup_M.o [5]
__iar_round64                0x1465         Code  Gb  round.o [4]
__iar_zero_init3              0x6ff   0x3a  Code  Gb  zero_init3.o [5]
__low_level_init             0x1fd3    0x4  Code  Gb  low_level_init.o [2]
__vector_table                  0x0         Data  Gb  startup_TM4C1294.o [1]
__vector_table_0x1c            0x1c         Data  Gb  startup_TM4C1294.o [1]
_call_main                   0x1fc1         Code  Gb  cmain.o [5]
_exit                        0x1fdd         Code  Gb  cexit.o [5]
_main                        0x1fcf         Code  Gb  cmain.o [5]
amostragemPronta             0x1249   0x1a  Code  Gb  temporizador.o [1]
amostrasAltasFeitas     0x2000'0141    0x1  Data  Gb  temporizador.o [1]
amostrasBaixasFeitas    0x2000'0142    0x1  Data  Gb  temporizador.o [1]
ativaAmostragem              0x13fd   0x14  Code  Gb  temporizador.o [1]
calcula                       0x455   0xe0  Code  Gb  main.o [1]
desativaAmostragem           0x1411   0x14  Code  Gb  temporizador.o [1]
duty_cycle              0x2000'00f0    0x8  Data  Gb  main.o [1]
duty_cycle_decimal      0x2000'0140    0x1  Data  Gb  main.o [1]
exit                         0x1fd7    0x4  Code  Gb  exit.o [2]
frequencia              0x2000'0130    0x8  Data  Gb  main.o [1]
frequenciaTiva_MHz      0x2000'0128    0x8  Data  Gb  main.o [1]
g_pcHex                      0x2098    0x4  Data  Lc  uartstdio.o [1]
g_pfnRAMVectors         0x2000'0400  0x26c  Data  Lc  interrupt.o [3]
g_pppui32XTALtoVCO           0x1be0  0x1b0  Data  Lc  sysctl.o [3]
g_ppui32TimerIntMap          0x1d90   0x60  Data  Lc  timer.o [3]
g_ppui32TimerIntMapSnowflake
                             0x1df0   0x40  Data  Lc  timer.o [3]
g_pui32EnRegs                0x1bcc   0x14  Data  Lc  interrupt.o [3]
g_pui32GPIOBaseAddrs         0x1e30   0x90  Data  Lc  gpio.o [3]
g_pui32VCOFrequencies        0x175c    0x8  Data  Lc  sysctl.o [3]
g_pui32Xtals                 0x1ec0   0x6c  Data  Lc  sysctl.o [3]
g_sXTALtoMEMTIM              0x1f2c   0x30  Data  Lc  sysctl.o [3]
g_ui32Base              0x2000'0138    0x4  Data  Lc  uartstdio.o [1]
g_ui32UARTBase               0x206c    0xc  Data  Lc  uartstdio.o [1]
g_ui32UARTPeriph             0x2078    0xc  Data  Lc  uartstdio.o [1]
imprime                       0x535   0x7e  Code  Gb  main.o [1]
indiceAltos             0x2000'013c    0x2  Data  Gb  temporizador.o [1]
indiceBaixos            0x2000'013e    0x2  Data  Gb  temporizador.o [1]
leiturasAltos           0x2000'00a0   0x28  Data  Gb  main.o [1]
leiturasBaixos          0x2000'00c8   0x28  Data  Gb  main.o [1]
main                          0x5b3   0x96  Code  Gb  main.o [1]
media_alto              0x2000'00f8    0x8  Data  Gb  main.o [1]
media_baixo             0x2000'0100    0x8  Data  Gb  main.o [1]
periodo                 0x2000'0110    0x8  Data  Gb  main.o [1]
periodoTiva_ns          0x2000'0108    0x8  Data  Gb  main.o [1]
periodo_alto            0x2000'0118    0x8  Data  Gb  main.o [1]
periodo_baixo           0x2000'0120    0x8  Data  Gb  main.o [1]
resetaAmostragem             0x1263   0x34  Code  Gb  temporizador.o [1]
round                        0x1465         Code  Gb  round.o [4]
roundl                       0x1465         Code  Gb  round.o [4]
t_altos                 0x2000'0000   0x50  Data  Gb  main.o [1]
t_baixos                0x2000'0050   0x50  Data  Gb  main.o [1]
trataLeituras                 0x3c1   0x94  Code  Gb  main.o [1]


[1] = C:\Users\ryuic\Downloads\Embarcados\Projects\lab3\Debug\Obj
[2] = dl7M_tln.a
[3] = driverlib.a
[4] = m7M_tls.a
[5] = rt7M_tl.a
[6] = shb_l.a

   7'312 bytes of readonly  code memory
   1'036 bytes of readonly  data memory
  33'715 bytes of readwrite data memory

Errors: none
Warnings: none
