###############################################################################
#
# IAR ELF Linker V8.40.1.212/W32 for ARM                  17/Oct/2019  16:34:52
# Copyright 2007-2019 IAR Systems AB.
#
#    Output file  =
#        C:\Users\ryuic\Downloads\Embarcados\Projects\lab2\Debug\Exe\lab2.out
#    Map file     =
#        C:\Users\ryuic\Downloads\Embarcados\Projects\lab2\Debug\List\lab2.map
#    Command line =
#        -f C:\Users\ryuic\AppData\Local\Temp\EWE654.tmp
#        (C:\Users\ryuic\Downloads\Embarcados\TivaWare_C_Series-2.1.4.178\driverlib\ewarm\Exe\driverlib.a
#        C:\Users\ryuic\Downloads\Embarcados\Projects\lab2\Debug\Obj\gpio.o
#        C:\Users\ryuic\Downloads\Embarcados\Projects\lab2\Debug\Obj\main.o
#        C:\Users\ryuic\Downloads\Embarcados\Projects\lab2\Debug\Obj\startup_TM4C1294.o
#        C:\Users\ryuic\Downloads\Embarcados\Projects\lab2\Debug\Obj\system_TM4C1294_TW.o
#        C:\Users\ryuic\Downloads\Embarcados\Projects\lab2\Debug\Obj\TimerInit.o
#        C:\Users\ryuic\Downloads\Embarcados\Projects\lab2\Debug\Obj\UARTInit.o
#        C:\Users\ryuic\Downloads\Embarcados\Projects\lab2\Debug\Obj\uartstdio.o
#        --no_out_extension -o
#        C:\Users\ryuic\Downloads\Embarcados\Projects\lab2\Debug\Exe\lab2.out
#        --map
#        C:\Users\ryuic\Downloads\Embarcados\Projects\lab2\Debug\List\lab2.map
#        --config
#        D:\Programas\IAR\arm\config\linker\TexasInstruments\TM4C1294NC.icf
#        --semihosting --entry __iar_program_start --vfe --text_out locale)
#
###############################################################################

*******************************************************************************
*** RUNTIME MODEL ATTRIBUTES
***

CppFlavor       = *
__SystemLibrary = DLib
__dlib_version  = 6


*******************************************************************************
*** HEAP SELECTION
***

The basic heap was selected because some modules are built with
size limitations (and not runtime checking), and --advanced_heap
was not specified.


*******************************************************************************
*** PLACEMENT SUMMARY
***

"A0":  place at address 0x0 { ro section .intvec };
"P1":  place in [from 0x0 to 0xf'ffff] { ro };
define block CSTACK with size = 32K, alignment = 8 { };
define block HEAP with size = 64K, alignment = 8 { };
"P2":  place in [from 0x2000'0000 to 0x2003'ffff] {
          rw, block CSTACK, block HEAP };

  Section          Kind         Address    Size  Object
  -------          ----         -------    ----  ------
"A0":                                     0x3c0
  .intvec          ro code          0x0   0x3c0  startup_TM4C1294.o [1]
                                - 0x3c0   0x3c0

"P1":                                     0xeac
  .text            ro code        0x3c0   0x2ac  sysctl.o [3]
  .text            ro code        0x66c   0x1e8  gpio.o [3]
  .rodata          const          0x854   0x1b0  sysctl.o [3]
  .text            ro code        0xa04   0x194  gpio.o [1]
  .text            ro code        0xb98   0x110  timer.o [3]
  .text            ro code        0xca8    0xac  interrupt.o [3]
  .text            ro code        0xd54    0xac  TimerInit.o [1]
  .rodata          const          0xe00    0xa0  timer.o [3]
  .text            ro code        0xea0    0xa0  uart.o [3]
  .rodata          const          0xf40    0x90  gpio.o [3]
  .rodata          const          0xfd0    0x6c  sysctl.o [3]
  .text            ro code       0x103c    0x5c  UARTInit.o [1]
  .text            ro code       0x1098    0x54  uartstdio.o [1]
  .text            ro code       0x10ec    0x3c  main.o [1]
  .text            ro code       0x1128    0x3a  zero_init3.o [5]
  .text            ro code       0x1162     0x2  startup_TM4C1294.o [1]
  .rodata          const         0x1164    0x30  sysctl.o [3]
  .text            ro code       0x1194    0x28  data_init.o [5]
  .iar.init_table  const         0x11bc    0x10  - Linker created -
  .text            ro code       0x11cc    0x20  system_TM4C1294_TW.o [1]
  .text            ro code       0x11ec    0x1e  cmain.o [5]
  .text            ro code       0x120a     0x4  low_level_init.o [2]
  .text            ro code       0x120e     0x4  exit.o [2]
  .text            ro code       0x1214     0xa  cexit.o [5]
  .text            ro code       0x1220    0x14  exit.o [6]
  .text            ro code       0x1234    0x14  startup_TM4C1294.o [1]
  .rodata          const         0x1248     0xc  uartstdio.o [1]
  .rodata          const         0x1254     0xc  uartstdio.o [1]
  .text            ro code       0x1260     0xc  cstartup_M.o [5]
  .rodata          const         0x126c     0x0  zero_init3.o [5]
                               - 0x126c   0xeac

"P2", part 1 of 2:                          0x8
  .bss             zero     0x2000'0000     0x4  uartstdio.o [1]
  .bss             zero     0x2000'0004     0x1  main.o [1]
                          - 0x2000'0005     0x5

"P2", part 2 of 2:                       0x8270
  VTABLE           uninit   0x2000'0400   0x26c  interrupt.o [3]
  .noinit          uninit   0x2000'066c     0x4  system_TM4C1294_TW.o [1]
  CSTACK                    0x2000'0670  0x8000  <Block>
    CSTACK         uninit   0x2000'0670  0x8000  <Block tail>
                          - 0x2000'8670  0x8270

Unused ranges:

         From           To      Size
         ----           --      ----
       0x126c     0xf'ffff  0xf'ed94
  0x2000'0008  0x2000'03ff     0x3f8
  0x2000'8670  0x2003'ffff  0x3'7990


*******************************************************************************
*** INIT TABLE
***

          Address      Size
          -------      ----
Zero (__iar_zero_init3)
    1 destination range, total size 0x5:
          0x2000'0000   0x5



*******************************************************************************
*** MODULE SUMMARY
***

    Module                ro code  ro data  rw data
    ------                -------  -------  -------
command line/config:
    -----------------------------------------------
    Total:

C:\Users\ryuic\Downloads\Embarcados\Projects\lab2\Debug\Obj: [1]
    TimerInit.o               172
    UARTInit.o                 92
    gpio.o                    404
    main.o                     60                 1
    startup_TM4C1294.o        982
    system_TM4C1294_TW.o       32                 4
    uartstdio.o                84       24        4
    -----------------------------------------------
    Total:                  1'826       24        9

dl7M_tln.a: [2]
    exit.o                      4
    low_level_init.o            4
    -----------------------------------------------
    Total:                      8

driverlib.a: [3]
    gpio.o                    488      144
    interrupt.o               172               620
    sysctl.o                  684      588
    timer.o                   272      160
    uart.o                    160
    -----------------------------------------------
    Total:                  1'776      892      620

m7M_tls.a: [4]
    -----------------------------------------------
    Total:

rt7M_tl.a: [5]
    cexit.o                    10
    cmain.o                    30
    cstartup_M.o               12
    data_init.o                40
    zero_init3.o               58
    -----------------------------------------------
    Total:                    150

shb_l.a: [6]
    exit.o                     20
    -----------------------------------------------
    Total:                     20

    Gaps                        4
    Linker created                      16   32'768
---------------------------------------------------
    Grand Total:            3'784      932   33'397


*******************************************************************************
*** ENTRY LIST
***

Entry                       Address   Size  Type      Object
-----                       -------   ----  ----      ------
.iar.init_table$$Base        0x11bc          --   Gb  - Linker created -
.iar.init_table$$Limit       0x11cc          --   Gb  - Linker created -
?main                        0x11ed         Code  Gb  cmain.o [5]
CSTACK$$Base            0x2000'0670          --   Gb  - Linker created -
CSTACK$$Limit           0x2000'8670          --   Gb  - Linker created -
GPIODirModeSet                0x66d   0x28  Code  Gb  gpio.o [3]
GPIOPadConfigSet              0x695  0x102  Code  Gb  gpio.o [3]
GPIOPinConfigure              0x813   0x36  Code  Gb  gpio.o [3]
GPIOPinRead                   0x797    0x8  Code  Gb  gpio.o [3]
GPIOPinTypeGPIOInput          0x7ab   0x14  Code  Gb  gpio.o [3]
GPIOPinTypeGPIOOutput         0x7bf    0xa  Code  Gb  gpio.o [3]
GPIOPinTypeTimer              0x7e3   0x14  Code  Gb  gpio.o [3]
GPIOPinTypeUART               0x7f7   0x14  Code  Gb  gpio.o [3]
GPIOPinWrite                  0x79f    0x8  Code  Gb  gpio.o [3]
GPIO_Init                     0xa05  0x142  Code  Gb  gpio.o [1]
IntEnable                     0xcd1   0x46  Code  Gb  interrupt.o [3]
IntRegister                   0xca9   0x28  Code  Gb  interrupt.o [3]
PortM_Output                  0xb47   0x10  Code  Gb  gpio.o [1]
Region$$Table$$Base          0x11bc          --   Gb  - Linker created -
Region$$Table$$Limit         0x11cc          --   Gb  - Linker created -
SysCtlClockFreqSet            0x42b  0x1fc  Code  Gb  sysctl.o [3]
SysCtlPeripheralEnable        0x40d    0x8  Code  Gb  sysctl.o [3]
SysCtlPeripheralPresent
                              0x3e1    0xa  Code  Gb  sysctl.o [3]
SysCtlPeripheralReady         0x3eb    0x8  Code  Gb  sysctl.o [3]
SystemCoreClock         0x2000'066c    0x4  Data  Gb  system_TM4C1294_TW.o [1]
SystemInit                   0x11cd   0x10  Code  Gb  system_TM4C1294_TW.o [1]
TIMER0A_Handler               0xd55   0x18  Code  Gb  TimerInit.o [1]
TimerConfigure                0xbe7   0x54  Code  Gb  timer.o [3]
TimerControlEvent             0xc51   0x16  Code  Gb  timer.o [3]
TimerEnable                   0xbd7   0x10  Code  Gb  timer.o [3]
TimerInit                     0xd6d   0x7a  Code  Gb  TimerInit.o [1]
TimerIntClear                 0xca3    0x6  Code  Gb  timer.o [3]
TimerIntEnable                0xc99    0xa  Code  Gb  timer.o [3]
TimerIntRegister              0xc7f   0x1a  Code  Gb  timer.o [3]
TimerLoadSet                  0xc67   0x18  Code  Gb  timer.o [3]
UARTConfigSetExpClk           0xea1   0x5c  Code  Gb  uart.o [3]
UARTDisable                   0xf17   0x22  Code  Gb  uart.o [3]
UARTEnable                    0xefd   0x1a  Code  Gb  uart.o [3]
UARTInit                     0x103d   0x5c  Code  Gb  UARTInit.o [1]
UARTStdioConfig              0x1099   0x48  Code  Gb  uartstdio.o [1]
_SysCtlMemTimingGet           0x3c1   0x20  Code  Lc  sysctl.o [3]
_TimerIntNumberGet            0xb99   0x3e  Code  Lc  timer.o [3]
__Vectors                       0x0          --   Gb  startup_TM4C1294.o [1]
__Vectors_End                 0x3c0         Data  Gb  startup_TM4C1294.o [1]
__Vectors_Size {Abs}          0x3c0          --   Gb  startup_TM4C1294.o [1]
__cmain                      0x11ed         Code  Gb  cmain.o [5]
__exit                       0x1221   0x14  Code  Gb  exit.o [6]
__iar_data_init3             0x1195   0x28  Code  Gb  data_init.o [5]
__iar_init_vfp               0x123d         Code  Wk  startup_TM4C1294.o [1]
__iar_program_start          0x1261         Code  Gb  cstartup_M.o [5]
__iar_zero_init3             0x1129   0x3a  Code  Gb  zero_init3.o [5]
__low_level_init             0x120b    0x4  Code  Gb  low_level_init.o [2]
__vector_table                  0x0         Data  Gb  startup_TM4C1294.o [1]
__vector_table_0x1c            0x1c         Data  Gb  startup_TM4C1294.o [1]
_call_main                   0x11f9         Code  Gb  cmain.o [5]
_exit                        0x1215         Code  Gb  cexit.o [5]
_main                        0x1207         Code  Gb  cmain.o [5]
entrada_D0              0x2000'0004    0x1  Data  Gb  main.o [1]
exit                         0x120f    0x4  Code  Gb  exit.o [2]
g_pfnRAMVectors         0x2000'0400  0x26c  Data  Lc  interrupt.o [3]
g_pppui32XTALtoVCO            0x854  0x1b0  Data  Lc  sysctl.o [3]
g_ppui32TimerIntMap           0xe00   0x60  Data  Lc  timer.o [3]
g_ppui32TimerIntMapSnowflake
                              0xe60   0x40  Data  Lc  timer.o [3]
g_pui32EnRegs                 0xd40   0x14  Data  Lc  interrupt.o [3]
g_pui32GPIOBaseAddrs          0xf40   0x90  Data  Lc  gpio.o [3]
g_pui32VCOFrequencies         0x664    0x8  Data  Lc  sysctl.o [3]
g_pui32Xtals                  0xfd0   0x6c  Data  Lc  sysctl.o [3]
g_sXTALtoMEMTIM              0x1164   0x30  Data  Lc  sysctl.o [3]
g_ui32Base              0x2000'0000    0x4  Data  Lc  uartstdio.o [1]
g_ui32UARTBase               0x1248    0xc  Data  Lc  uartstdio.o [1]
g_ui32UARTPeriph             0x1254    0xc  Data  Lc  uartstdio.o [1]
main                         0x10ed   0x34  Code  Gb  main.o [1]


[1] = C:\Users\ryuic\Downloads\Embarcados\Projects\lab2\Debug\Obj
[2] = dl7M_tln.a
[3] = driverlib.a
[4] = m7M_tls.a
[5] = rt7M_tl.a
[6] = shb_l.a

   3'784 bytes of readonly  code memory
     932 bytes of readonly  data memory
  33'397 bytes of readwrite data memory

Errors: none
Warnings: none
