###############################################################################
#
# IAR ELF Linker V8.40.1.212/W32 for ARM                  25/Oct/2019  21:02:21
# Copyright 2007-2019 IAR Systems AB.
#
#    Output file  =
#        C:\Users\ryuic\Downloads\Embarcados\Projects\lab2\Debug\Exe\lab2.out
#    Map file     =
#        C:\Users\ryuic\Downloads\Embarcados\Projects\lab2\Debug\List\lab2.map
#    Command line =
#        -f C:\Users\ryuic\AppData\Local\Temp\EW5952.tmp
#        (C:\Users\ryuic\Downloads\Embarcados\TivaWare_C_Series-2.1.4.178\driverlib\ewarm\Exe\driverlib.a
#        C:\Users\ryuic\Downloads\Embarcados\Projects\lab2\Debug\Obj\gpio.o
#        C:\Users\ryuic\Downloads\Embarcados\Projects\lab2\Debug\Obj\main.o
#        C:\Users\ryuic\Downloads\Embarcados\Projects\lab2\Debug\Obj\startup_TM4C1294.o
#        C:\Users\ryuic\Downloads\Embarcados\Projects\lab2\Debug\Obj\system_TM4C1294_TW.o
#        C:\Users\ryuic\Downloads\Embarcados\Projects\lab2\Debug\Obj\temporizador.o
#        C:\Users\ryuic\Downloads\Embarcados\Projects\lab2\Debug\Obj\UARTInit.o
#        C:\Users\ryuic\Downloads\Embarcados\Projects\lab2\Debug\Obj\uartstdio.o
#        --no_out_extension -o
#        C:\Users\ryuic\Downloads\Embarcados\Projects\lab2\Debug\Exe\lab2.out
#        --map
#        C:\Users\ryuic\Downloads\Embarcados\Projects\lab2\Debug\List\lab2.map
#        --config
#        D:\Programas\IAR\arm\config\linker\TexasInstruments\TM4C1294NC.icf
#        --semihosting --entry __iar_program_start --vfe --text_out locale)
#
###############################################################################

*******************************************************************************
*** RUNTIME MODEL ATTRIBUTES
***

CppFlavor       = *
__SystemLibrary = DLib
__dlib_version  = 6


*******************************************************************************
*** HEAP SELECTION
***

The basic heap was selected because some modules are built with
size limitations (and not runtime checking), and --advanced_heap
was not specified.


*******************************************************************************
*** PLACEMENT SUMMARY
***

"A0":  place at address 0x0 { ro section .intvec };
"P1":  place in [from 0x0 to 0xf'ffff] { ro };
define block CSTACK with size = 32K, alignment = 8 { };
define block HEAP with size = 64K, alignment = 8 { };
"P2":  place in [from 0x2000'0000 to 0x2003'ffff] {
          rw, block CSTACK, block HEAP };

  Section          Kind         Address    Size  Object
  -------          ----         -------    ----  ------
"A0":                                     0x3c0
  .intvec          ro code          0x0   0x3c0  startup_TM4C1294.o [1]
                                - 0x3c0   0x3c0

"P1":                                    0x1b94
  .text            ro code        0x3c0   0x2ac  sysctl.o [3]
  .text            ro code        0x66c   0x252  uartstdio.o [1]
  .text            ro code        0x8be    0x3a  zero_init3.o [5]
  .text            ro code        0x8f8    0xb0  uart.o [3]
  .text            ro code        0x9a8   0x246  DblDiv.o [4]
  .text            ro code        0xbee     0x2  startup_TM4C1294.o [1]
  .text            ro code        0xbf0   0x228  main.o [1]
  .text            ro code        0xe18    0x1a  U32ToDbl.o [4]
  .text            ro code        0xe34   0x17a  DblAdd.o [4]
  .text            ro code        0xfb0   0x1a2  DblMul.o [4]
  .text            ro code       0x1154    0x2e  DblCmpGe.o [4]
  .text            ro code       0x1184    0x28  DblToU32.o [4]
  .text            ro code       0x11ac    0xe2  DblSub.o [4]
  .text            ro code       0x1290    0x3a  DblToS32.o [4]
  .text            ro code       0x12cc   0x194  gpio.o [1]
  .text            ro code       0x1460    0x5c  UARTInit.o [1]
  .text            ro code       0x14bc   0x224  temporizador.o [1]
  .text            ro code       0x16e0   0x1e0  gpio.o [3]
  .text            ro code       0x18c0   0x140  timer.o [3]
  .text            ro code       0x1a00    0xac  interrupt.o [3]
  .rodata          const         0x1aac   0x1b0  sysctl.o [3]
  .rodata          const         0x1c5c    0xa0  timer.o [3]
  .rodata          const         0x1cfc    0x90  gpio.o [3]
  .rodata          const         0x1d8c    0x6c  sysctl.o [3]
  .rodata          const         0x1df8    0x30  sysctl.o [3]
  .text            ro code       0x1e28    0x28  data_init.o [5]
  .iar.init_table  const         0x1e50    0x10  - Linker created -
  .text            ro code       0x1e60    0x20  system_TM4C1294_TW.o [1]
  .text            ro code       0x1e80    0x1e  cmain.o [5]
  .text            ro code       0x1e9e     0x4  low_level_init.o [2]
  .text            ro code       0x1ea2     0x4  exit.o [2]
  .text            ro code       0x1ea8     0xa  cexit.o [5]
  .text            ro code       0x1eb4    0x14  exit.o [6]
  .rodata          const         0x1ec8    0x18  main.o [1]
  .rodata          const         0x1ee0    0x14  uartstdio.o [1]
  .text            ro code       0x1ef4    0x14  startup_TM4C1294.o [1]
  .rodata          const         0x1f08    0x10  main.o [1]
  .rodata          const         0x1f18     0xc  main.o [1]
  .rodata          const         0x1f24     0xc  uartstdio.o [1]
  .rodata          const         0x1f30     0xc  uartstdio.o [1]
  .text            ro code       0x1f3c     0xc  cstartup_M.o [5]
  .rodata          const         0x1f48     0x8  uartstdio.o [1]
  .rodata          const         0x1f50     0x4  uartstdio.o [1]
  .rodata          const         0x1f54     0x0  zero_init3.o [5]
                               - 0x1f54  0x1b94

"P2", part 1 of 2:                         0xb0
  .bss             zero     0x2000'0000    0x30  main.o [1]
  .bss             zero     0x2000'0030    0x30  main.o [1]
  .bss             zero     0x2000'0060     0x8  main.o [1]
  .bss             zero     0x2000'0068     0x8  main.o [1]
  .bss             zero     0x2000'0070     0x8  main.o [1]
  .bss             zero     0x2000'0078     0x8  main.o [1]
  .bss             zero     0x2000'0080     0x8  main.o [1]
  .bss             zero     0x2000'0088     0x8  main.o [1]
  .bss             zero     0x2000'0090     0x8  main.o [1]
  .bss             zero     0x2000'0098     0x8  main.o [1]
  .bss             zero     0x2000'00a0     0x4  temporizador.o [1]
  .bss             zero     0x2000'00a4     0x4  temporizador.o [1]
  .bss             zero     0x2000'00a8     0x4  uartstdio.o [1]
  .bss             zero     0x2000'00ac     0x2  temporizador.o [1]
  .bss             zero     0x2000'00ae     0x1  main.o [1]
  .bss             zero     0x2000'00af     0x1  temporizador.o [1]
                          - 0x2000'00b0    0xb0

"P2", part 2 of 2:                       0x8270
  VTABLE           uninit   0x2000'0400   0x26c  interrupt.o [3]
  .noinit          uninit   0x2000'066c     0x4  system_TM4C1294_TW.o [1]
  CSTACK                    0x2000'0670  0x8000  <Block>
    CSTACK         uninit   0x2000'0670  0x8000  <Block tail>
                          - 0x2000'8670  0x8270

Unused ranges:

         From           To      Size
         ----           --      ----
       0x1f54     0xf'ffff  0xf'e0ac
  0x2000'00b0  0x2000'03ff     0x350
  0x2000'8670  0x2003'ffff  0x3'7990


*******************************************************************************
*** INIT TABLE
***

          Address      Size
          -------      ----
Zero (__iar_zero_init3)
    1 destination range, total size 0xb0:
          0x2000'0000  0xb0



*******************************************************************************
*** MODULE SUMMARY
***

    Module                ro code  ro data  rw data
    ------                -------  -------  -------
command line/config:
    -----------------------------------------------
    Total:

C:\Users\ryuic\Downloads\Embarcados\Projects\lab2\Debug\Obj: [1]
    UARTInit.o                 92
    gpio.o                    404
    main.o                    552       52      161
    startup_TM4C1294.o        982
    system_TM4C1294_TW.o       32                 4
    temporizador.o            548                11
    uartstdio.o               594       56        4
    -----------------------------------------------
    Total:                  3'204      108      180

dl7M_tln.a: [2]
    exit.o                      4
    low_level_init.o            4
    -----------------------------------------------
    Total:                      8

driverlib.a: [3]
    gpio.o                    480      144
    interrupt.o               172               620
    sysctl.o                  684      588
    timer.o                   320      160
    uart.o                    176
    -----------------------------------------------
    Total:                  1'832      892      620

m7M_tls.a: [4]
    DblAdd.o                  378
    DblCmpGe.o                 46
    DblDiv.o                  582
    DblMul.o                  418
    DblSub.o                  226
    DblToS32.o                 58
    DblToU32.o                 40
    U32ToDbl.o                 26
    -----------------------------------------------
    Total:                  1'774

rt7M_tl.a: [5]
    cexit.o                    10
    cmain.o                    30
    cstartup_M.o               12
    data_init.o                40
    zero_init3.o               58
    -----------------------------------------------
    Total:                    150

shb_l.a: [6]
    exit.o                     20
    -----------------------------------------------
    Total:                     20

    Gaps                       16
    Linker created                      16   32'768
---------------------------------------------------
    Grand Total:            7'004    1'016   33'568


*******************************************************************************
*** ENTRY LIST
***

Entry                       Address   Size  Type      Object
-----                       -------   ----  ----      ------
.iar.init_table$$Base        0x1e50          --   Gb  - Linker created -
.iar.init_table$$Limit       0x1e60          --   Gb  - Linker created -
?main                        0x1e81         Code  Gb  cmain.o [5]
CSTACK$$Base            0x2000'0670          --   Gb  - Linker created -
CSTACK$$Limit           0x2000'8670          --   Gb  - Linker created -
GPIODirModeSet               0x16e1   0x28  Code  Gb  gpio.o [3]
GPIOPadConfigSet             0x1709  0x102  Code  Gb  gpio.o [3]
GPIOPinConfigure             0x187f   0x36  Code  Gb  gpio.o [3]
GPIOPinTypeGPIOInput         0x1817   0x14  Code  Gb  gpio.o [3]
GPIOPinTypeGPIOOutput        0x182b    0xa  Code  Gb  gpio.o [3]
GPIOPinTypeTimer             0x184f   0x14  Code  Gb  gpio.o [3]
GPIOPinTypeUART              0x1863   0x14  Code  Gb  gpio.o [3]
GPIOPinWrite                 0x180b    0x8  Code  Gb  gpio.o [3]
GPIO_Init                    0x12cd  0x142  Code  Gb  gpio.o [1]
IntEnable                    0x1a29   0x46  Code  Gb  interrupt.o [3]
IntRegister                  0x1a01   0x28  Code  Gb  interrupt.o [3]
PortM_Output                 0x140f   0x10  Code  Gb  gpio.o [1]
Region$$Table$$Base          0x1e50          --   Gb  - Linker created -
Region$$Table$$Limit         0x1e60          --   Gb  - Linker created -
SysCtlClockFreqSet            0x42b  0x1fc  Code  Gb  sysctl.o [3]
SysCtlPeripheralEnable        0x40d    0x8  Code  Gb  sysctl.o [3]
SysCtlPeripheralPresent
                              0x3e1    0xa  Code  Gb  sysctl.o [3]
SysCtlPeripheralReady         0x3eb    0x8  Code  Gb  sysctl.o [3]
SystemCoreClock         0x2000'066c    0x4  Data  Gb  system_TM4C1294_TW.o [1]
SystemInit                   0x1e61   0x10  Code  Gb  system_TM4C1294_TW.o [1]
TIMER0A_Handler              0x14d1   0x68  Code  Gb  temporizador.o [1]
TIMER1A_Handler              0x1539   0x58  Code  Gb  temporizador.o [1]
TimerConfigure               0x190f   0x54  Code  Gb  timer.o [3]
TimerControlEvent            0x1979   0x16  Code  Gb  timer.o [3]
TimerEnable                  0x18ff   0x10  Code  Gb  timer.o [3]
TimerInit                    0x1591   0xe6  Code  Gb  temporizador.o [1]
TimerIntClear                0x19fb    0x6  Code  Gb  timer.o [3]
TimerIntDisable              0x19ef    0xc  Code  Gb  timer.o [3]
TimerIntEnable               0x19e5    0xa  Code  Gb  timer.o [3]
TimerIntRegister             0x19cb   0x1a  Code  Gb  timer.o [3]
TimerLoadSet                 0x19a7   0x18  Code  Gb  timer.o [3]
TimerPrescaleSet             0x198f   0x18  Code  Gb  timer.o [3]
TimerValueGet                0x19bf    0xc  Code  Gb  timer.o [3]
UARTCharPut                   0x999   0x10  Code  Gb  uart.o [3]
UARTConfigSetExpClk           0x8f9   0x5c  Code  Gb  uart.o [3]
UARTDisable                   0x96f   0x22  Code  Gb  uart.o [3]
UARTEnable                    0x955   0x1a  Code  Gb  uart.o [3]
UARTInit                     0x1461   0x5c  Code  Gb  UARTInit.o [1]
UARTStdioConfig               0x66d   0x48  Code  Gb  uartstdio.o [1]
UARTprintf                    0x8b1    0xe  Code  Gb  uartstdio.o [1]
UARTvprintf                   0x6e3  0x1b6  Code  Gb  uartstdio.o [1]
UARTwrite                     0x6b5   0x2e  Code  Gb  uartstdio.o [1]
_SysCtlMemTimingGet           0x3c1   0x20  Code  Lc  sysctl.o [3]
_TimerIntNumberGet           0x18c1   0x3e  Code  Lc  timer.o [3]
__Vectors                       0x0          --   Gb  startup_TM4C1294.o [1]
__Vectors_End                 0x3c0         Data  Gb  startup_TM4C1294.o [1]
__Vectors_Size {Abs}          0x3c0          --   Gb  startup_TM4C1294.o [1]
__aeabi_cdrcmple             0x1155         Code  Gb  DblCmpGe.o [4]
__aeabi_d2iz                 0x1291         Code  Gb  DblToS32.o [4]
__aeabi_d2uiz                0x1185         Code  Gb  DblToU32.o [4]
__aeabi_dadd                  0xe35         Code  Gb  DblAdd.o [4]
__aeabi_ddiv                  0x9a9         Code  Gb  DblDiv.o [4]
__aeabi_dmul                  0xfb1         Code  Gb  DblMul.o [4]
__aeabi_dsub                 0x11ad         Code  Gb  DblSub.o [4]
__aeabi_ui2d                  0xe19         Code  Gb  U32ToDbl.o [4]
__cmain                      0x1e81         Code  Gb  cmain.o [5]
__exit                       0x1eb5   0x14  Code  Gb  exit.o [6]
__iar_dadd                   0x11bd         Code  Gb  DblSub.o [4]
__iar_data_init3             0x1e29   0x28  Code  Gb  data_init.o [5]
__iar_dsub                    0xe45         Code  Gb  DblAdd.o [4]
__iar_dsubStart               0xe57         Code  Gb  DblAdd.o [4]
__iar_init_vfp               0x1efd         Code  Wk  startup_TM4C1294.o [1]
__iar_program_start          0x1f3d         Code  Gb  cstartup_M.o [5]
__iar_zero_init3              0x8bf   0x3a  Code  Gb  zero_init3.o [5]
__low_level_init             0x1e9f    0x4  Code  Gb  low_level_init.o [2]
__vector_table                  0x0         Data  Gb  startup_TM4C1294.o [1]
__vector_table_0x1c            0x1c         Data  Gb  startup_TM4C1294.o [1]
_call_main                   0x1e8d         Code  Gb  cmain.o [5]
_exit                        0x1ea9         Code  Gb  cexit.o [5]
_main                        0x1e9b         Code  Gb  cmain.o [5]
amostragemPronta             0x14bd    0x6  Code  Gb  temporizador.o [1]
amostrasFeitas          0x2000'00af    0x1  Data  Gb  temporizador.o [1]
ativaAmostragem              0x1677   0x14  Code  Gb  temporizador.o [1]
calcula                       0xbf1   0xec  Code  Gb  main.o [1]
count                   0x2000'00ac    0x2  Data  Gb  temporizador.o [1]
desativaAmostragem           0x168b   0x14  Code  Gb  temporizador.o [1]
duty_cycle              0x2000'0060    0x8  Data  Gb  main.o [1]
duty_cycle_decimal      0x2000'00ae    0x1  Data  Gb  main.o [1]
exit                         0x1ea3    0x4  Code  Gb  exit.o [2]
frequencia              0x2000'0098    0x8  Data  Gb  main.o [1]
g_pcHex                      0x1f50    0x4  Data  Lc  uartstdio.o [1]
g_pfnRAMVectors         0x2000'0400  0x26c  Data  Lc  interrupt.o [3]
g_pppui32XTALtoVCO           0x1aac  0x1b0  Data  Lc  sysctl.o [3]
g_ppui32TimerIntMap          0x1c5c   0x60  Data  Lc  timer.o [3]
g_ppui32TimerIntMapSnowflake
                             0x1cbc   0x40  Data  Lc  timer.o [3]
g_pui32EnRegs                0x1a98   0x14  Data  Lc  interrupt.o [3]
g_pui32GPIOBaseAddrs         0x1cfc   0x90  Data  Lc  gpio.o [3]
g_pui32VCOFrequencies         0x664    0x8  Data  Lc  sysctl.o [3]
g_pui32Xtals                 0x1d8c   0x6c  Data  Lc  sysctl.o [3]
g_sXTALtoMEMTIM              0x1df8   0x30  Data  Lc  sysctl.o [3]
g_ui32Base              0x2000'00a8    0x4  Data  Lc  uartstdio.o [1]
g_ui32UARTBase               0x1f24    0xc  Data  Lc  uartstdio.o [1]
g_ui32UARTPeriph             0x1f30    0xc  Data  Lc  uartstdio.o [1]
imprime                       0xcdd   0x7c  Code  Gb  main.o [1]
main                          0xd59   0x62  Code  Gb  main.o [1]
media_alto              0x2000'0068    0x8  Data  Gb  main.o [1]
media_baixo             0x2000'0070    0x8  Data  Gb  main.o [1]
periodo                 0x2000'0080    0x8  Data  Gb  main.o [1]
periodoTiva             0x2000'0078    0x8  Data  Gb  main.o [1]
periodo_alto            0x2000'0088    0x8  Data  Gb  main.o [1]
periodo_baixo           0x2000'0090    0x8  Data  Gb  main.o [1]
resetaAmostragemPronta       0x14c3    0xe  Code  Gb  temporizador.o [1]
t_altos                 0x2000'0000   0x30  Data  Gb  main.o [1]
t_baixos                0x2000'0030   0x30  Data  Gb  main.o [1]
ultimoValorAlto         0x2000'00a0    0x4  Data  Gb  temporizador.o [1]
ultimoValorBaixo        0x2000'00a4    0x4  Data  Gb  temporizador.o [1]


[1] = C:\Users\ryuic\Downloads\Embarcados\Projects\lab2\Debug\Obj
[2] = dl7M_tln.a
[3] = driverlib.a
[4] = m7M_tls.a
[5] = rt7M_tl.a
[6] = shb_l.a

   7'004 bytes of readonly  code memory
   1'016 bytes of readonly  data memory
  33'568 bytes of readwrite data memory

Errors: none
Warnings: none
