###############################################################################
#
# IAR ELF Linker V8.40.1.212/W32 for ARM                  13/Sep/2019  13:16:12
# Copyright 2007-2019 IAR Systems AB.
#
#    Output file  =
#        C:\Users\Jordão\Documents\GitHub\Embarcados\Projects\lab1\Debug\Exe\lab1.out
#    Map file     =
#        C:\Users\Jordão\Documents\GitHub\Embarcados\Projects\lab1\Debug\List\lab1.map
#    Command line =
#        -f C:\Users\JORDO~1\AppData\Local\Temp\EW94EC.tmp
#        (C:\Users\Jordão\Documents\GitHub\Embarcados\TivaWare_C_Series-2.1.4.178\driverlib\ewarm\Exe\driverlib.a
#        C:\Users\Jordão\Documents\GitHub\Embarcados\Projects\lab1\Debug\Obj\gpio.o
#        C:\Users\Jordão\Documents\GitHub\Embarcados\Projects\lab1\Debug\Obj\main.o
#        C:\Users\Jordão\Documents\GitHub\Embarcados\Projects\lab1\Debug\Obj\startup_TM4C1294.o
#        C:\Users\Jordão\Documents\GitHub\Embarcados\Projects\lab1\Debug\Obj\system_TM4C1294_TW.o
#        C:\Users\Jordão\Documents\GitHub\Embarcados\Projects\lab1\Debug\Obj\UARTInit.o
#        C:\Users\Jordão\Documents\GitHub\Embarcados\Projects\lab1\Debug\Obj\uartstdio.o
#        --no_out_extension -o
#        C:\Users\Jordão\Documents\GitHub\Embarcados\Projects\lab1\Debug\Exe\lab1.out
#        --map
#        C:\Users\Jordão\Documents\GitHub\Embarcados\Projects\lab1\Debug\List\lab1.map
#        --config "C:\Program Files (x86)\IAR Systems\Embedded Workbench
#        8.3\arm\config\linker\TexasInstruments\TM4C1294NC.icf" --semihosting
#        --entry __iar_program_start --vfe --text_out locale)
#
###############################################################################

*******************************************************************************
*** RUNTIME MODEL ATTRIBUTES
***

CppFlavor       = *
__SystemLibrary = DLib
__dlib_version  = 6


*******************************************************************************
*** HEAP SELECTION
***

The basic heap was selected because some modules are built with
size limitations (and not runtime checking), and --advanced_heap
was not specified.


*******************************************************************************
*** PLACEMENT SUMMARY
***

"A0":  place at address 0x0 { ro section .intvec };
"P1":  place in [from 0x0 to 0xf'ffff] { ro };
define block CSTACK with size = 32K, alignment = 8 { };
define block HEAP with size = 64K, alignment = 8 { };
"P2":  place in [from 0x2000'0000 to 0x2003'ffff] {
          rw, block CSTACK, block HEAP };

  Section          Kind         Address    Size  Object
  -------          ----         -------    ----  ------
"A0":                                     0x3c0
  .intvec          ro code          0x0   0x3c0  startup_TM4C1294.o [1]
                                - 0x3c0   0x3c0

"P1":                                     0xff8
  .text            ro code        0x3c0   0x2ac  sysctl.o [3]
  .text            ro code        0x66c   0x252  uartstdio.o [1]
  .text            ro code        0x8be    0x3a  zero_init3.o [5]
  .text            ro code        0x8f8    0xb0  uart.o [3]
  .text            ro code        0x9a8   0x1f4  gpio.o [1]
  .text            ro code        0xb9c   0x1b0  gpio.o [3]
  .rodata          const          0xd4c   0x1b0  sysctl.o [3]
  .text            ro code        0xefc   0x168  main.o [1]
  .text            ro code       0x1064     0xe  S32ToFlt.o [4]
  .text            ro code       0x1072    0x12  FltMul.o [4]
  .text            ro code       0x1084    0x12  FltDiv.o [4]
  .text            ro code       0x1096     0x2  startup_TM4C1294.o [1]
  .text            ro code       0x1098    0x48  FltToDbl.o [4]
  .text            ro code       0x10e0    0x5c  UARTInit.o [1]
  .rodata          const         0x113c    0x90  gpio.o [3]
  .rodata          const         0x11cc    0x6c  sysctl.o [3]
  .rodata          const         0x1238    0x30  sysctl.o [3]
  .text            ro code       0x1268    0x28  data_init.o [5]
  .iar.init_table  const         0x1290    0x10  - Linker created -
  .rodata          const         0x12a0    0x20  main.o [1]
  .text            ro code       0x12c0    0x20  system_TM4C1294_TW.o [1]
  .text            ro code       0x12e0    0x1e  cmain.o [5]
  .text            ro code       0x12fe     0x4  low_level_init.o [2]
  .text            ro code       0x1302     0x4  exit.o [2]
  .text            ro code       0x1308     0xa  cexit.o [5]
  .text            ro code       0x1314    0x14  exit.o [6]
  .rodata          const         0x1328    0x14  main.o [1]
  .rodata          const         0x133c    0x14  main.o [1]
  .rodata          const         0x1350    0x14  uartstdio.o [1]
  .text            ro code       0x1364    0x14  startup_TM4C1294.o [1]
  .rodata          const         0x1378    0x10  main.o [1]
  .rodata          const         0x1388     0xc  uartstdio.o [1]
  .rodata          const         0x1394     0xc  uartstdio.o [1]
  .text            ro code       0x13a0     0xc  cstartup_M.o [5]
  .rodata          const         0x13ac     0x8  uartstdio.o [1]
  .rodata          const         0x13b4     0x4  uartstdio.o [1]
  .rodata          const         0x13b8     0x0  zero_init3.o [5]
                               - 0x13b8   0xff8

"P2", part 1 of 2:                        0x7ec
  .bss             zero     0x2000'0000   0x7d0  main.o [1]
  .bss             zero     0x2000'07d0     0x4  main.o [1]
  .bss             zero     0x2000'07d4     0x4  main.o [1]
  .bss             zero     0x2000'07d8     0x4  main.o [1]
  .bss             zero     0x2000'07dc     0x4  main.o [1]
  .bss             zero     0x2000'07e0     0x4  uartstdio.o [1]
  .bss             zero     0x2000'07e4     0x2  main.o [1]
  .bss             zero     0x2000'07e6     0x2  main.o [1]
  .bss             zero     0x2000'07e8     0x1  main.o [1]
  .bss             zero     0x2000'07e9     0x1  main.o [1]
  .bss             zero     0x2000'07ea     0x1  main.o [1]
                          - 0x2000'07eb   0x7eb

"P2", part 2 of 2:                       0x8004
  .noinit          uninit   0x2000'07ec     0x4  system_TM4C1294_TW.o [1]
  CSTACK                    0x2000'07f0  0x8000  <Block>
    CSTACK         uninit   0x2000'07f0  0x8000  <Block tail>
                          - 0x2000'87f0  0x8004

Unused ranges:

         From           To      Size
         ----           --      ----
       0x13b8     0xf'ffff  0xf'ec48
  0x2000'87f0  0x2003'ffff  0x3'7810


*******************************************************************************
*** INIT TABLE
***

          Address      Size
          -------      ----
Zero (__iar_zero_init3)
    1 destination range, total size 0x7eb:
          0x2000'0000  0x7eb



*******************************************************************************
*** MODULE SUMMARY
***

    Module                ro code  ro data  rw data
    ------                -------  -------  -------
command line/config:
    -----------------------------------------------
    Total:

C:\Users\Jordão\Documents\GitHub\Embarcados\Projects\lab1\Debug\Obj: [1]
    UARTInit.o                 92
    gpio.o                    500
    main.o                    360       88    2'023
    startup_TM4C1294.o        982
    system_TM4C1294_TW.o       32                 4
    uartstdio.o               594       56        4
    -----------------------------------------------
    Total:                  2'560      144    2'031

dl7M_tln.a: [2]
    exit.o                      4
    low_level_init.o            4
    -----------------------------------------------
    Total:                      8

driverlib.a: [3]
    gpio.o                    432      144
    sysctl.o                  684      588
    uart.o                    176
    -----------------------------------------------
    Total:                  1'292      732

m7M_tls.a: [4]
    FltDiv.o                   18
    FltMul.o                   18
    FltToDbl.o                 72
    S32ToFlt.o                 14
    -----------------------------------------------
    Total:                    122

rt7M_tl.a: [5]
    cexit.o                    10
    cmain.o                    30
    cstartup_M.o               12
    data_init.o                40
    zero_init3.o               58
    -----------------------------------------------
    Total:                    150

shb_l.a: [6]
    exit.o                     20
    -----------------------------------------------
    Total:                     20

    Gaps                        4
    Linker created                      16   32'768
---------------------------------------------------
    Grand Total:            4'156      892   34'799


*******************************************************************************
*** ENTRY LIST
***

Entry                       Address   Size  Type      Object
-----                       -------   ----  ----      ------
.iar.init_table$$Base        0x1290          --   Gb  - Linker created -
.iar.init_table$$Limit       0x12a0          --   Gb  - Linker created -
?main                        0x12e1         Code  Gb  cmain.o [5]
CSTACK$$Base            0x2000'07f0          --   Gb  - Linker created -
CSTACK$$Limit           0x2000'87f0          --   Gb  - Linker created -
GPIODirModeSet                0xb9d   0x28  Code  Gb  gpio.o [3]
GPIOPadConfigSet              0xbc5  0x102  Code  Gb  gpio.o [3]
GPIOPinConfigure              0xd0b   0x36  Code  Gb  gpio.o [3]
GPIOPinRead                   0xcc7    0x8  Code  Gb  gpio.o [3]
GPIOPinTypeGPIOInput          0xcd3   0x14  Code  Gb  gpio.o [3]
GPIOPinTypeUART               0xcef   0x14  Code  Gb  gpio.o [3]
GPIO_Init                     0x9a9  0x18c  Code  Gb  gpio.o [1]
PortJ_Input                   0xb35    0xc  Code  Gb  gpio.o [1]
Region$$Table$$Base          0x1290          --   Gb  - Linker created -
Region$$Table$$Limit         0x12a0          --   Gb  - Linker created -
SysCtlClockFreqSet            0x42b  0x1fc  Code  Gb  sysctl.o [3]
SysCtlPeripheralEnable        0x40d    0x8  Code  Gb  sysctl.o [3]
SysCtlPeripheralPresent
                              0x3e1    0xa  Code  Gb  sysctl.o [3]
SysCtlPeripheralReady         0x3eb    0x8  Code  Gb  sysctl.o [3]
SystemCoreClock         0x2000'07ec    0x4  Data  Gb  system_TM4C1294_TW.o [1]
SystemInit                   0x12c1   0x10  Code  Gb  system_TM4C1294_TW.o [1]
UARTCharPut                   0x999   0x10  Code  Gb  uart.o [3]
UARTConfigSetExpClk           0x8f9   0x5c  Code  Gb  uart.o [3]
UARTDisable                   0x96f   0x22  Code  Gb  uart.o [3]
UARTEnable                    0x955   0x1a  Code  Gb  uart.o [3]
UARTInit                     0x10e1   0x5c  Code  Gb  UARTInit.o [1]
UARTStdioConfig               0x66d   0x48  Code  Gb  uartstdio.o [1]
UARTprintf                    0x8b1    0xe  Code  Gb  uartstdio.o [1]
UARTvprintf                   0x6e3  0x1b6  Code  Gb  uartstdio.o [1]
UARTwrite                     0x6b5   0x2e  Code  Gb  uartstdio.o [1]
_SysCtlMemTimingGet           0x3c1   0x20  Code  Lc  sysctl.o [3]
__Vectors                       0x0          --   Gb  startup_TM4C1294.o [1]
__Vectors_End                 0x3c0         Data  Gb  startup_TM4C1294.o [1]
__Vectors_Size {Abs}          0x3c0          --   Gb  startup_TM4C1294.o [1]
__aeabi_f2d                  0x1099         Code  Gb  FltToDbl.o [4]
__aeabi_fdiv                 0x1085   0x12  Code  Gb  FltDiv.o [4]
__aeabi_fmul                 0x1073   0x12  Code  Gb  FltMul.o [4]
__aeabi_i2f                  0x1065    0xe  Code  Gb  S32ToFlt.o [4]
__cmain                      0x12e1         Code  Gb  cmain.o [5]
__exit                       0x1315   0x14  Code  Gb  exit.o [6]
__iar_data_init3             0x1269   0x28  Code  Gb  data_init.o [5]
__iar_init_vfp               0x136d         Code  Wk  startup_TM4C1294.o [1]
__iar_program_start          0x13a1         Code  Gb  cstartup_M.o [5]
__iar_zero_init3              0x8bf   0x3a  Code  Gb  zero_init3.o [5]
__low_level_init             0x12ff    0x4  Code  Gb  low_level_init.o [2]
__vector_table                  0x0         Data  Gb  startup_TM4C1294.o [1]
__vector_table_0x1c            0x1c         Data  Gb  startup_TM4C1294.o [1]
_call_main                   0x12ed         Code  Gb  cmain.o [5]
_exit                        0x1309         Code  Gb  cexit.o [5]
_main                        0x12fb         Code  Gb  cmain.o [5]
computaResultados             0xefd   0x8c  Code  Gb  main.o [1]
duty_cycle              0x2000'07dc    0x4  Data  Gb  main.o [1]
exit                         0x1303    0x4  Code  Gb  exit.o [2]
frequencia              0x2000'07d8    0x4  Data  Gb  main.o [1]
g_pcHex                      0x13b4    0x4  Data  Lc  uartstdio.o [1]
g_pppui32XTALtoVCO            0xd4c  0x1b0  Data  Lc  sysctl.o [3]
g_pui32GPIOBaseAddrs         0x113c   0x90  Data  Lc  gpio.o [3]
g_pui32VCOFrequencies         0x664    0x8  Data  Lc  sysctl.o [3]
g_pui32Xtals                 0x11cc   0x6c  Data  Lc  sysctl.o [3]
g_sXTALtoMEMTIM              0x1238   0x30  Data  Lc  sysctl.o [3]
g_ui32Base              0x2000'07e0    0x4  Data  Lc  uartstdio.o [1]
g_ui32UARTBase               0x1388    0xc  Data  Lc  uartstdio.o [1]
g_ui32UARTPeriph             0x1394    0xc  Data  Lc  uartstdio.o [1]
i_vet                   0x2000'07e4    0x2  Data  Gb  main.o [1]
k                       0x2000'07d0    0x4  Data  Gb  main.o [1]
main                          0xf89   0xa2  Code  Gb  main.o [1]
n_altos                 0x2000'07e9    0x1  Data  Gb  main.o [1]
n_baixos                0x2000'07ea    0x1  Data  Gb  main.o [1]
num_baixos_altos        0x2000'07e6    0x2  Data  Gb  main.o [1]
num_transicoes          0x2000'07e8    0x1  Data  Gb  main.o [1]
periodo                 0x2000'07d4    0x4  Data  Gb  main.o [1]
vet                     0x2000'0000  0x7d0  Data  Gb  main.o [1]


[1] = C:\Users\Jordão\Documents\GitHub\Embarcados\Projects\lab1\Debug\Obj
[2] = dl7M_tln.a
[3] = driverlib.a
[4] = m7M_tls.a
[5] = rt7M_tl.a
[6] = shb_l.a

   4'156 bytes of readonly  code memory
     892 bytes of readonly  data memory
  34'799 bytes of readwrite data memory

Errors: none
Warnings: none
