###############################################################################
#
# IAR ELF Linker V8.30.1.114/W32 for ARM                  20/Sep/2019  17:44:08
# Copyright 2007-2018 IAR Systems AB.
#
#    Output file  =  
#        E:\Documents\GitHub\Embarcados\Projects\lab1\Debug\Exe\lab1.out
#    Map file     =  
#        E:\Documents\GitHub\Embarcados\Projects\lab1\Debug\List\lab1.map
#    Command line =  
#        -f C:\Users\DAELN\AppData\Local\Temp\EWF5E2.tmp
#        (E:\Documents\GitHub\Embarcados\TivaWare_C_Series-2.1.4.178\driverlib\ewarm\Exe\driverlib.a
#        E:\Documents\GitHub\Embarcados\Projects\lab1\Debug\Obj\gpio.o
#        E:\Documents\GitHub\Embarcados\Projects\lab1\Debug\Obj\main.o
#        E:\Documents\GitHub\Embarcados\Projects\lab1\Debug\Obj\startup_TM4C1294.o
#        E:\Documents\GitHub\Embarcados\Projects\lab1\Debug\Obj\system_TM4C1294_TW.o
#        E:\Documents\GitHub\Embarcados\Projects\lab1\Debug\Obj\UARTInit.o
#        E:\Documents\GitHub\Embarcados\Projects\lab1\Debug\Obj\uartstdio.o
#        --no_out_extension -o
#        E:\Documents\GitHub\Embarcados\Projects\lab1\Debug\Exe\lab1.out --map
#        E:\Documents\GitHub\Embarcados\Projects\lab1\Debug\List\lab1.map
#        --config "C:\Program Files (x86)\IAR Systems\Embedded Workbench
#        8.1\arm\config\linker\TexasInstruments\TM4C1294NC.icf" --semihosting
#        --entry __iar_program_start --vfe --text_out locale)
#
###############################################################################

*******************************************************************************
*** RUNTIME MODEL ATTRIBUTES
***

CppFlavor       = *
__SystemLibrary = DLib
__dlib_version  = 6


*******************************************************************************
*** HEAP SELECTION
***

The basic heap was selected because some modules are built with
size limitations (and not runtime checking), and --advanced_heap
was not specified.


*******************************************************************************
*** PLACEMENT SUMMARY
***

"A0":  place at 0x0 { ro section .intvec };
"P1":  place in [from 0x0 to 0xf'ffff] { ro };
define block CSTACK with size = 32K, alignment = 8 { };
define block HEAP with size = 64K, alignment = 8 { };
"P2":  place in [from 0x2000'0000 to 0x2003'ffff] {
          rw, block CSTACK, block HEAP };

  Section          Kind         Address    Size  Object
  -------          ----         -------    ----  ------
"A0":                                     0x3c0
  .intvec          ro code          0x0   0x3c0  startup_TM4C1294.o [1]
                                - 0x3c0   0x3c0

"P1":                                    0x17a0
  .text            ro code        0x3c0   0x2ac  sysctl.o [3]
  .text            ro code        0x66c   0x29c  main.o [1]
  .text            ro code        0x908    0x1a  U32ToDbl.o [4]
  .text            ro code        0x922    0x3a  zero_init3.o [5]
  .text            ro code        0x95c   0x1a2  DblMul.o [4]
  .text            ro code        0xafe     0x2  startup_TM4C1294.o [1]
  .text            ro code        0xb00   0x17a  DblAdd.o [4]
  .text            ro code        0xc7c    0x22  S32ToDbl.o [4]
  .text            ro code        0xca0   0x246  DblDiv.o [4]
  .text            ro code        0xee8    0x28  DblToU32.o [4]
  .text            ro code        0xf10    0xe2  DblSub.o [4]
  .text            ro code        0xff4    0x3a  DblToS32.o [4]
  .text            ro code       0x1030   0x252  uartstdio.o [1]
  .text            ro code       0x1284   0x1b0  gpio.o [1]
  .text            ro code       0x1434    0x5c  UARTInit.o [1]
  .text            ro code       0x1490    0xb0  uart.o [3]
  .text            ro code       0x1540   0x1d4  gpio.o [3]
  .rodata          const         0x1714   0x1b0  sysctl.o [3]
  .rodata          const         0x18c4    0x90  gpio.o [3]
  .rodata          const         0x1954    0x6c  sysctl.o [3]
  .rodata          const         0x19c0    0x30  sysctl.o [3]
  .text            ro code       0x19f0    0x28  data_init.o [5]
  .iar.init_table  const         0x1a18    0x10  - Linker created -
  .rodata          const         0x1a28    0x20  main.o [1]
  .text            ro code       0x1a48    0x20  system_TM4C1294_TW.o [1]
  .text            ro code       0x1a68    0x1e  cmain.o [5]
  .text            ro code       0x1a86     0x4  low_level_init.o [2]
  .text            ro code       0x1a8a     0x4  exit.o [2]
  .text            ro code       0x1a90     0xa  cexit.o [5]
  .text            ro code       0x1a9c    0x14  exit.o [6]
  .rodata          const         0x1ab0    0x18  main.o [1]
  .rodata          const         0x1ac8    0x18  main.o [1]
  .rodata          const         0x1ae0    0x14  uartstdio.o [1]
  .text            ro code       0x1af4    0x14  startup_TM4C1294.o [1]
  .rodata          const         0x1b08    0x10  main.o [1]
  .rodata          const         0x1b18     0xc  main.o [1]
  .rodata          const         0x1b24     0xc  main.o [1]
  .rodata          const         0x1b30     0xc  uartstdio.o [1]
  .rodata          const         0x1b3c     0xc  uartstdio.o [1]
  .text            ro code       0x1b48     0xc  cstartup_M.o [5]
  .rodata          const         0x1b54     0x8  uartstdio.o [1]
  .rodata          const         0x1b5c     0x4  uartstdio.o [1]
  .rodata          const         0x1b60     0x0  zero_init3.o [5]
                               - 0x1b60  0x17a0

"P2", part 1 of 2:                       0x5df4
  .bss             zero     0x2000'0000  0x5dc0  main.o [1]
  .bss             zero     0x2000'5dc0     0x8  main.o [1]
  .bss             zero     0x2000'5dc8     0x8  main.o [1]
  .bss             zero     0x2000'5dd0     0x8  main.o [1]
  .bss             zero     0x2000'5dd8     0x8  main.o [1]
  .bss             zero     0x2000'5de0     0x4  main.o [1]
  .bss             zero     0x2000'5de4     0x4  uartstdio.o [1]
  .bss             zero     0x2000'5de8     0x2  main.o [1]
  .bss             zero     0x2000'5dea     0x2  main.o [1]
  .bss             zero     0x2000'5dec     0x2  main.o [1]
  .bss             zero     0x2000'5dee     0x1  main.o [1]
  .bss             zero     0x2000'5def     0x1  main.o [1]
  .bss             zero     0x2000'5df0     0x1  main.o [1]
                          - 0x2000'5df1  0x5df1

"P2", part 2 of 2:                       0x8004
  .noinit          uninit   0x2000'5df4     0x4  system_TM4C1294_TW.o [1]
  CSTACK                    0x2000'5df8  0x8000  <Block>
    CSTACK         uninit   0x2000'5df8  0x8000  <Block tail>
                          - 0x2000'ddf8  0x8004

Unused ranges:

         From           To      Size
         ----           --      ----
       0x1b60     0xf'ffff  0xf'e4a0
  0x2000'ddf8  0x2003'ffff  0x3'2208


*******************************************************************************
*** INIT TABLE
***

          Address      Size
          -------      ----
Zero (__iar_zero_init3)
    1 destination range, total size 0x5df1:
          0x2000'0000  0x5df1



*******************************************************************************
*** MODULE SUMMARY
***

    Module                ro code  ro data  rw data
    ------                -------  -------  -------
command line/config:
    -----------------------------------------------
    Total:

E:\Documents\GitHub\Embarcados\Projects\lab1\Debug\Obj: [1]
    UARTInit.o                 92
    gpio.o                    432
    main.o                    668      120   24 045
    startup_TM4C1294.o        982
    system_TM4C1294_TW.o       32                 4
    uartstdio.o               594       56        4
    -----------------------------------------------
    Total:                  2 800      176   24 053

dl7M_tln.a: [2]
    exit.o                      4
    low_level_init.o            4
    -----------------------------------------------
    Total:                      8

driverlib.a: [3]
    gpio.o                    468      144
    sysctl.o                  684      588
    uart.o                    176
    -----------------------------------------------
    Total:                  1 328      732

m7M_tls.a: [4]
    DblAdd.o                  378
    DblDiv.o                  582
    DblMul.o                  418
    DblSub.o                  226
    DblToS32.o                 58
    DblToU32.o                 40
    S32ToDbl.o                 34
    U32ToDbl.o                 26
    -----------------------------------------------
    Total:                  1 762

rt7M_tl.a: [5]
    cexit.o                    10
    cmain.o                    30
    cstartup_M.o               12
    data_init.o                40
    zero_init3.o               58
    -----------------------------------------------
    Total:                    150

shb_l.a: [6]
    exit.o                     20
    -----------------------------------------------
    Total:                     20

    Gaps                       16
    Linker created                      16   32 768
---------------------------------------------------
    Grand Total:            6 084      924   56 821


*******************************************************************************
*** ENTRY LIST
***

Entry                       Address    Size  Type      Object
-----                       -------    ----  ----      ------
.iar.init_table$$Base        0x1a18           --   Gb  - Linker created -
.iar.init_table$$Limit       0x1a28           --   Gb  - Linker created -
?main                        0x1a69          Code  Gb  cmain.o [5]
CSTACK$$Base            0x2000'5df8           --   Gb  - Linker created -
CSTACK$$Limit           0x2000'ddf8           --   Gb  - Linker created -
GPIODirModeSet               0x1541    0x28  Code  Gb  gpio.o [3]
GPIOPadConfigSet             0x1569   0x102  Code  Gb  gpio.o [3]
GPIOPinConfigure             0x16d3    0x36  Code  Gb  gpio.o [3]
GPIOPinRead                  0x166b     0x8  Code  Gb  gpio.o [3]
GPIOPinTypeGPIOInput         0x167f    0x14  Code  Gb  gpio.o [3]
GPIOPinTypeGPIOOutput        0x1693     0xa  Code  Gb  gpio.o [3]
GPIOPinTypeUART              0x16b7    0x14  Code  Gb  gpio.o [3]
GPIOPinWrite                 0x1673     0x8  Code  Gb  gpio.o [3]
GPIO_Init                    0x1285   0x142  Code  Gb  gpio.o [1]
PortA_Output                 0x13d3    0x12  Code  Gb  gpio.o [1]
PortC_Input                  0x13c7     0xc  Code  Gb  gpio.o [1]
PortM_Output                 0x13e5    0x10  Code  Gb  gpio.o [1]
Region$$Table$$Base          0x1a18           --   Gb  - Linker created -
Region$$Table$$Limit         0x1a28           --   Gb  - Linker created -
SysCtlClockFreqSet            0x42b   0x1fc  Code  Gb  sysctl.o [3]
SysCtlPeripheralEnable        0x40d     0x8  Code  Gb  sysctl.o [3]
SysCtlPeripheralPresent
                              0x3e1     0xa  Code  Gb  sysctl.o [3]
SysCtlPeripheralReady         0x3eb     0x8  Code  Gb  sysctl.o [3]
SystemCoreClock         0x2000'5df4     0x4  Data  Gb  system_TM4C1294_TW.o [1]
SystemInit                   0x1a49    0x10  Code  Gb  system_TM4C1294_TW.o [1]
UARTCharPut                  0x1531    0x10  Code  Gb  uart.o [3]
UARTConfigSetExpClk          0x1491    0x5c  Code  Gb  uart.o [3]
UARTDisable                  0x1507    0x22  Code  Gb  uart.o [3]
UARTEnable                   0x14ed    0x1a  Code  Gb  uart.o [3]
UARTInit                     0x1435    0x5c  Code  Gb  UARTInit.o [1]
UARTStdioConfig              0x1031    0x48  Code  Gb  uartstdio.o [1]
UARTprintf                   0x1275     0xe  Code  Gb  uartstdio.o [1]
UARTvprintf                  0x10a7   0x1b6  Code  Gb  uartstdio.o [1]
UARTwrite                    0x1079    0x2e  Code  Gb  uartstdio.o [1]
_SysCtlMemTimingGet           0x3c1    0x20  Code  Lc  sysctl.o [3]
__Vectors                       0x0           --   Gb  startup_TM4C1294.o [1]
__Vectors_End                 0x3c0          Data  Gb  startup_TM4C1294.o [1]
__Vectors_Size {Abs}          0x3c0           --   Gb  startup_TM4C1294.o [1]
__aeabi_d2iz                  0xff5          Code  Gb  DblToS32.o [4]
__aeabi_d2uiz                 0xee9          Code  Gb  DblToU32.o [4]
__aeabi_dadd                  0xb01          Code  Gb  DblAdd.o [4]
__aeabi_ddiv                  0xca1          Code  Gb  DblDiv.o [4]
__aeabi_dmul                  0x95d          Code  Gb  DblMul.o [4]
__aeabi_dsub                  0xf11          Code  Gb  DblSub.o [4]
__aeabi_i2d                   0xc7d          Code  Gb  S32ToDbl.o [4]
__aeabi_ui2d                  0x909          Code  Gb  U32ToDbl.o [4]
__cmain                      0x1a69          Code  Gb  cmain.o [5]
__exit                       0x1a9d    0x14  Code  Gb  exit.o [6]
__iar_dadd                    0xf21          Code  Gb  DblSub.o [4]
__iar_data_init3             0x19f1    0x28  Code  Gb  data_init.o [5]
__iar_dsub                    0xb11          Code  Gb  DblAdd.o [4]
__iar_dsubStart               0xb23          Code  Gb  DblAdd.o [4]
__iar_init_vfp               0x1afd          Code  Wk  startup_TM4C1294.o [1]
__iar_program_start          0x1b49          Code  Gb  cstartup_M.o [5]
__iar_zero_init3              0x923    0x3a  Code  Gb  zero_init3.o [5]
__low_level_init             0x1a87     0x4  Code  Gb  low_level_init.o [2]
__vector_table                  0x0          Data  Gb  startup_TM4C1294.o [1]
__vector_table_0x1c            0x1c          Data  Gb  startup_TM4C1294.o [1]
_call_main                   0x1a75          Code  Gb  cmain.o [5]
_exit                        0x1a91          Code  Gb  cexit.o [5]
_main                        0x1a83          Code  Gb  cmain.o [5]
adquireAmostras               0x7c7    0x34  Code  Gb  main.o [1]
computaResultados             0x66d   0x15a  Code  Gb  main.o [1]
contaBaixosAltos              0x7fb    0x5e  Code  Gb  main.o [1]
duty_cycle              0x2000'5dd8     0x8  Data  Gb  main.o [1]
duty_cycle_decimal      0x2000'5df0     0x1  Data  Gb  main.o [1]
exit                         0x1a8b     0x4  Code  Gb  exit.o [2]
freq_decimal            0x2000'5def     0x1  Data  Gb  main.o [1]
frequencia              0x2000'5dd0     0x8  Data  Gb  main.o [1]
g_pcHex                      0x1b5c     0x4  Data  Lc  uartstdio.o [1]
g_pppui32XTALtoVCO           0x1714   0x1b0  Data  Lc  sysctl.o [3]
g_pui32GPIOBaseAddrs         0x18c4    0x90  Data  Lc  gpio.o [3]
g_pui32VCOFrequencies         0x664     0x8  Data  Lc  sysctl.o [3]
g_pui32Xtals                 0x1954    0x6c  Data  Lc  sysctl.o [3]
g_sXTALtoMEMTIM              0x19c0    0x30  Data  Lc  sysctl.o [3]
g_ui32Base              0x2000'5de4     0x4  Data  Lc  uartstdio.o [1]
g_ui32UARTBase               0x1b30     0xc  Data  Lc  uartstdio.o [1]
g_ui32UARTPeriph             0x1b3c     0xc  Data  Lc  uartstdio.o [1]
i_vet                   0x2000'5de8     0x2  Data  Gb  main.o [1]
k                       0x2000'5dc0     0x8  Data  Gb  main.o [1]
main                          0x859    0x46  Code  Gb  main.o [1]
n_altos                 0x2000'5dea     0x2  Data  Gb  main.o [1]
n_baixos                0x2000'5dec     0x2  Data  Gb  main.o [1]
num_baixos_altos        0x2000'5de0     0x4  Data  Gb  main.o [1]
num_transicoes          0x2000'5dee     0x1  Data  Gb  main.o [1]
periodo                 0x2000'5dc8     0x8  Data  Gb  main.o [1]
vet                     0x2000'0000  0x5dc0  Data  Gb  main.o [1]


[1] = E:\Documents\GitHub\Embarcados\Projects\lab1\Debug\Obj
[2] = dl7M_tln.a
[3] = driverlib.a
[4] = m7M_tls.a
[5] = rt7M_tl.a
[6] = shb_l.a

   6 084 bytes of readonly  code memory
     924 bytes of readonly  data memory
  56 821 bytes of readwrite data memory

Errors: none
Warnings: none
