###############################################################################
#
# IAR ELF Linker V8.40.1.212/W32 for ARM                  06/Sep/2019  01:06:58
# Copyright 2007-2019 IAR Systems AB.
#
#    Output file  =
#        C:\Users\ryuic\Downloads\EK-TM4C1294_IAR8\Projects\lab1\Debug\Exe\lab1.out
#    Map file     =
#        C:\Users\ryuic\Downloads\EK-TM4C1294_IAR8\Projects\lab1\Debug\List\lab1.map
#    Command line =
#        -f C:\Users\ryuic\AppData\Local\Temp\EWC595.tmp
#        (C:\Users\ryuic\Downloads\EK-TM4C1294_IAR8\TivaWare_C_Series-2.1.4.178\driverlib\ewarm\Exe\driverlib.a
#        C:\Users\ryuic\Downloads\EK-TM4C1294_IAR8\Projects\lab1\Debug\Obj\gpio.o
#        C:\Users\ryuic\Downloads\EK-TM4C1294_IAR8\Projects\lab1\Debug\Obj\main.o
#        C:\Users\ryuic\Downloads\EK-TM4C1294_IAR8\Projects\lab1\Debug\Obj\startup_TM4C1294.o
#        C:\Users\ryuic\Downloads\EK-TM4C1294_IAR8\Projects\lab1\Debug\Obj\system_TM4C1294_TW.o
#        --no_out_extension -o
#        C:\Users\ryuic\Downloads\EK-TM4C1294_IAR8\Projects\lab1\Debug\Exe\lab1.out
#        --map
#        C:\Users\ryuic\Downloads\EK-TM4C1294_IAR8\Projects\lab1\Debug\List\lab1.map
#        --config
#        D:\Programas\IAR\arm\config\linker\TexasInstruments\TM4C1294NC.icf
#        --semihosting --entry __iar_program_start --vfe --text_out locale)
#
###############################################################################

*******************************************************************************
*** RUNTIME MODEL ATTRIBUTES
***

CppFlavor       = *
__SystemLibrary = DLib
__dlib_version  = 6


*******************************************************************************
*** HEAP SELECTION
***

The basic heap was selected because some modules are built with
size limitations (and not runtime checking), and --advanced_heap
was not specified.


*******************************************************************************
*** PLACEMENT SUMMARY
***

"A0":  place at address 0x0 { ro section .intvec };
"P1":  place in [from 0x0 to 0xf'ffff] { ro };
define block CSTACK with size = 32K, alignment = 8 { };
define block HEAP with size = 64K, alignment = 8 { };
"P2":  place in [from 0x2000'0000 to 0x2003'ffff] {
          rw, block CSTACK, block HEAP };
initialize by copy { rw };

  Section            Kind         Address    Size  Object
  -------            ----         -------    ----  ------
"A0":                                       0x3c0
  .intvec            ro code          0x0   0x3c0  startup_TM4C1294.o [1]
                                  - 0x3c0   0x3c0

"P1":                                       0xa9c
  .text              ro code        0x3c0   0x29c  sysctl.o [3]
  .text              ro code        0x65c   0x274  gpio.o [1]
  .text              ro code        0x8d0   0x176  gpio.o [3]
  .text              ro code        0xa46    0x2e  copy_init3.o [4]
  .rodata            const          0xa74   0x1b0  sysctl.o [3]
  .text              ro code        0xc24    0xac  main.o [1]
  .text              ro code        0xcd0    0x28  systick.o [3]
  .rodata            const          0xcf8    0x6c  sysctl.o [3]
  .rodata            const          0xd64    0x30  sysctl.o [3]
  .text              ro code        0xd94    0x28  data_init.o [4]
  .iar.init_table    const          0xdbc    0x14  - Linker created -
  .text              ro code        0xdd0    0x20  system_TM4C1294_TW.o [1]
  .text              ro code        0xdf0    0x1e  cmain.o [4]
  .text              ro code        0xe0e     0x4  low_level_init.o [2]
  .text              ro code        0xe12     0x4  exit.o [2]
  .text              ro code        0xe16     0x2  startup_TM4C1294.o [1]
  .text              ro code        0xe18     0xa  cexit.o [4]
  .text              ro code        0xe24    0x14  exit.o [5]
  .text              ro code        0xe38    0x14  startup_TM4C1294.o [1]
  .text              ro code        0xe4c     0xc  cstartup_M.o [4]
  Initializer bytes  const          0xe58     0x4  <for P2-1>
  .rodata            const          0xe5c     0x0  copy_init3.o [4]
                                  - 0xe5c   0xa9c

"P2", part 1 of 2:                            0x4
  P2-1                        0x2000'0000     0x2  <Init block>
    .data            inited   0x2000'0000     0x1  main.o [1]
    .bss             inited   0x2000'0001     0x1  main.o [1]
                            - 0x2000'0002     0x2

"P2", part 2 of 2:                         0x8004
  .noinit            uninit   0x2000'0004     0x4  system_TM4C1294_TW.o [1]
  CSTACK                      0x2000'0008  0x8000  <Block>
    CSTACK           uninit   0x2000'0008  0x8000  <Block tail>
                            - 0x2000'8008  0x8004

Unused ranges:

         From           To      Size
         ----           --      ----
        0xe5c     0xf'ffff  0xf'f1a4
  0x2000'8008  0x2003'ffff  0x3'7ff8


*******************************************************************************
*** INIT TABLE
***

          Address      Size
          -------      ----
Copy (__iar_copy_init3)
    1 source range, total size 0x4 (200% of destination):
                0xe58   0x4
    1 destination range, total size 0x2:
          0x2000'0000   0x2



*******************************************************************************
*** MODULE SUMMARY
***

    Module                ro code  ro data  rw data
    ------                -------  -------  -------
command line/config:
    -----------------------------------------------
    Total:

C:\Users\ryuic\Downloads\EK-TM4C1294_IAR8\Projects\lab1\Debug\Obj: [1]
    gpio.o                    628
    main.o                    172        2        2
    startup_TM4C1294.o        982
    system_TM4C1294_TW.o       32                 4
    -----------------------------------------------
    Total:                  1'814        2        6

dl7M_tln.a: [2]
    exit.o                      4
    low_level_init.o            4
    -----------------------------------------------
    Total:                      8

driverlib.a: [3]
    gpio.o                    374
    sysctl.o                  668      588
    systick.o                  40
    -----------------------------------------------
    Total:                  1'082      588

rt7M_tl.a: [4]
    cexit.o                    10
    cmain.o                    30
    copy_init3.o               46
    cstartup_M.o               12
    data_init.o                40
    -----------------------------------------------
    Total:                    138

shb_l.a: [5]
    exit.o                     20
    -----------------------------------------------
    Total:                     20

    Gaps                        2
    Linker created                      22   32'768
---------------------------------------------------
    Grand Total:            3'064      612   32'774


*******************************************************************************
*** ENTRY LIST
***

Entry                       Address   Size  Type      Object
-----                       -------   ----  ----      ------
.iar.init_table$$Base         0xdbc          --   Gb  - Linker created -
.iar.init_table$$Limit        0xdd0          --   Gb  - Linker created -
?main                         0xdf1         Code  Gb  cmain.o [4]
CSTACK$$Base            0x2000'0008          --   Gb  - Linker created -
CSTACK$$Limit           0x2000'8008          --   Gb  - Linker created -
GPIODirModeSet                0x8d1   0x28  Code  Gb  gpio.o [3]
GPIOPadConfigSet              0x8f9  0x102  Code  Gb  gpio.o [3]
GPIOPinRead                   0x9fb    0x8  Code  Gb  gpio.o [3]
GPIOPinTypeGPIOInput          0xa0f   0x14  Code  Gb  gpio.o [3]
GPIOPinTypeGPIOOutput         0xa23    0xa  Code  Gb  gpio.o [3]
GPIOPinWrite                  0xa03    0x8  Code  Gb  gpio.o [3]
GPIO_Init                     0x65d  0x1f4  Code  Gb  gpio.o [1]
LED_A                   0x2000'0000    0x1  Data  Gb  main.o [1]
LED_D1                  0x2000'0001    0x1  Data  Gb  main.o [1]
PortA_Output                  0x851   0x12  Code  Gb  gpio.o [1]
PortM_Output                  0x863   0x10  Code  Gb  gpio.o [1]
Region$$Table$$Base           0xdbc          --   Gb  - Linker created -
Region$$Table$$Limit          0xdd0          --   Gb  - Linker created -
SysCtlClockFreqSet            0x421  0x1fc  Code  Gb  sysctl.o [3]
SysCtlPeripheralEnable        0x403    0x8  Code  Gb  sysctl.o [3]
SysCtlPeripheralReady         0x3e1    0x8  Code  Gb  sysctl.o [3]
SysTickEnable                 0xcd1    0xc  Code  Gb  systick.o [3]
SysTickIntEnable              0xcdd    0xc  Code  Gb  systick.o [3]
SysTickPeriodSet              0xce9    0x8  Code  Gb  systick.o [3]
SysTick_Handler               0xc25   0x30  Code  Gb  main.o [1]
SystemCoreClock         0x2000'0004    0x4  Data  Gb  system_TM4C1294_TW.o [1]
SystemInit                    0xdd1   0x10  Code  Gb  system_TM4C1294_TW.o [1]
_SysCtlMemTimingGet           0x3c1   0x20  Code  Lc  sysctl.o [3]
__Vectors                       0x0          --   Gb  startup_TM4C1294.o [1]
__Vectors_End                 0x3c0         Data  Gb  startup_TM4C1294.o [1]
__Vectors_Size {Abs}          0x3c0          --   Gb  startup_TM4C1294.o [1]
__cmain                       0xdf1         Code  Gb  cmain.o [4]
__exit                        0xe25   0x14  Code  Gb  exit.o [5]
__iar_copy_init3              0xa47   0x2e  Code  Gb  copy_init3.o [4]
__iar_data_init3              0xd95   0x28  Code  Gb  data_init.o [4]
__iar_init_vfp                0xe41         Code  Wk  startup_TM4C1294.o [1]
__iar_program_start           0xe4d         Code  Gb  cstartup_M.o [4]
__low_level_init              0xe0f    0x4  Code  Gb  low_level_init.o [2]
__vector_table                  0x0         Data  Gb  startup_TM4C1294.o [1]
__vector_table_0x1c            0x1c         Data  Gb  startup_TM4C1294.o [1]
_call_main                    0xdfd         Code  Gb  cmain.o [4]
_exit                         0xe19         Code  Gb  cexit.o [4]
_main                         0xe0b         Code  Gb  cmain.o [4]
exit                          0xe13    0x4  Code  Gb  exit.o [2]
g_pppui32XTALtoVCO            0xa74  0x1b0  Data  Lc  sysctl.o [3]
g_pui32VCOFrequencies         0x654    0x8  Data  Lc  sysctl.o [3]
g_pui32Xtals                  0xcf8   0x6c  Data  Lc  sysctl.o [3]
g_sXTALtoMEMTIM               0xd64   0x30  Data  Lc  sysctl.o [3]
main                          0xc55   0x62  Code  Gb  main.o [1]


[1] = C:\Users\ryuic\Downloads\EK-TM4C1294_IAR8\Projects\lab1\Debug\Obj
[2] = dl7M_tln.a
[3] = driverlib.a
[4] = rt7M_tl.a
[5] = shb_l.a

   3'064 bytes of readonly  code memory
     612 bytes of readonly  data memory
  32'774 bytes of readwrite data memory

Errors: none
Warnings: none
