###############################################################################
#
# IAR ELF Linker V8.40.1.212/W32 for ARM                  19/Sep/2019  18:34:25
# Copyright 2007-2019 IAR Systems AB.
#
#    Output file  =
#        C:\Users\ryuic\Downloads\Embarcados\Projects\lab1\Debug\Exe\lab1.out
#    Map file     =
#        C:\Users\ryuic\Downloads\Embarcados\Projects\lab1\Debug\List\lab1.map
#    Command line =
#        -f C:\Users\ryuic\AppData\Local\Temp\EW919.tmp
#        (C:\Users\ryuic\Downloads\Embarcados\TivaWare_C_Series-2.1.4.178\driverlib\ewarm\Exe\driverlib.a
#        C:\Users\ryuic\Downloads\Embarcados\Projects\lab1\Debug\Obj\gpio.o
#        C:\Users\ryuic\Downloads\Embarcados\Projects\lab1\Debug\Obj\main.o
#        C:\Users\ryuic\Downloads\Embarcados\Projects\lab1\Debug\Obj\startup_TM4C1294.o
#        C:\Users\ryuic\Downloads\Embarcados\Projects\lab1\Debug\Obj\system_TM4C1294_TW.o
#        C:\Users\ryuic\Downloads\Embarcados\Projects\lab1\Debug\Obj\UARTInit.o
#        C:\Users\ryuic\Downloads\Embarcados\Projects\lab1\Debug\Obj\uartstdio.o
#        --no_out_extension -o
#        C:\Users\ryuic\Downloads\Embarcados\Projects\lab1\Debug\Exe\lab1.out
#        --map
#        C:\Users\ryuic\Downloads\Embarcados\Projects\lab1\Debug\List\lab1.map
#        --config
#        D:\Programas\IAR\arm\config\linker\TexasInstruments\TM4C1294NC.icf
#        --semihosting --entry __iar_program_start --vfe --text_out locale)
#
###############################################################################

*******************************************************************************
*** RUNTIME MODEL ATTRIBUTES
***

CppFlavor       = *
__SystemLibrary = DLib
__dlib_version  = 6


*******************************************************************************
*** HEAP SELECTION
***

The basic heap was selected because some modules are built with
size limitations (and not runtime checking), and --advanced_heap
was not specified.


*******************************************************************************
*** PLACEMENT SUMMARY
***

"A0":  place at address 0x0 { ro section .intvec };
"P1":  place in [from 0x0 to 0xf'ffff] { ro };
define block CSTACK with size = 32K, alignment = 8 { };
define block HEAP with size = 64K, alignment = 8 { };
"P2":  place in [from 0x2000'0000 to 0x2003'ffff] {
          rw, block CSTACK, block HEAP };

  Section          Kind         Address    Size  Object
  -------          ----         -------    ----  ------
"A0":                                     0x3c0
  .intvec          ro code          0x0   0x3c0  startup_TM4C1294.o [1]
                                - 0x3c0   0x3c0

"P1":                                    0x1444
  .text            ro code        0x3c0   0x2ac  sysctl.o [3]
  .text            ro code        0x66c   0x252  uartstdio.o [1]
  .text            ro code        0x8be    0x3a  zero_init3.o [5]
  .text            ro code        0x8f8    0xb0  uart.o [3]
  .text            ro code        0x9a8   0x246  DblDiv.o [4]
  .text            ro code        0xbee     0x2  startup_TM4C1294.o [1]
  .text            ro code        0xbf0   0x1ec  main.o [1]
  .text            ro code        0xddc    0x22  S32ToDbl.o [4]
  .text            ro code        0xe00   0x1a2  DblMul.o [4]
  .text            ro code        0xfa4    0x3a  DblToS32.o [4]
  .text            ro code        0xfe0   0x1b0  gpio.o [1]
  .text            ro code       0x1190    0x5c  UARTInit.o [1]
  .text            ro code       0x11ec   0x1d4  gpio.o [3]
  .rodata          const         0x13c0   0x1b0  sysctl.o [3]
  .rodata          const         0x1570    0x90  gpio.o [3]
  .rodata          const         0x1600    0x6c  sysctl.o [3]
  .rodata          const         0x166c    0x30  sysctl.o [3]
  .text            ro code       0x169c    0x28  data_init.o [5]
  .iar.init_table  const         0x16c4    0x10  - Linker created -
  .rodata          const         0x16d4    0x20  main.o [1]
  .text            ro code       0x16f4    0x20  system_TM4C1294_TW.o [1]
  .text            ro code       0x1714    0x1e  cmain.o [5]
  .text            ro code       0x1732     0x4  low_level_init.o [2]
  .text            ro code       0x1736     0x4  exit.o [2]
  .text            ro code       0x173c     0xa  cexit.o [5]
  .text            ro code       0x1748    0x14  exit.o [6]
  .rodata          const         0x175c    0x14  main.o [1]
  .rodata          const         0x1770    0x14  main.o [1]
  .rodata          const         0x1784    0x14  uartstdio.o [1]
  .text            ro code       0x1798    0x14  startup_TM4C1294.o [1]
  .rodata          const         0x17ac    0x10  main.o [1]
  .rodata          const         0x17bc     0xc  main.o [1]
  .rodata          const         0x17c8     0xc  main.o [1]
  .rodata          const         0x17d4     0xc  uartstdio.o [1]
  .rodata          const         0x17e0     0xc  uartstdio.o [1]
  .text            ro code       0x17ec     0xc  cstartup_M.o [5]
  .rodata          const         0x17f8     0x8  uartstdio.o [1]
  .rodata          const         0x1800     0x4  uartstdio.o [1]
  .rodata          const         0x1804     0x0  zero_init3.o [5]
                               - 0x1804  0x1444

"P2", part 1 of 2:                       0x2f0c
  .bss             zero     0x2000'0000  0x2ee0  main.o [1]
  .bss             zero     0x2000'2ee0     0x8  main.o [1]
  .bss             zero     0x2000'2ee8     0x8  main.o [1]
  .bss             zero     0x2000'2ef0     0x8  main.o [1]
  .bss             zero     0x2000'2ef8     0x8  main.o [1]
  .bss             zero     0x2000'2f00     0x4  uartstdio.o [1]
  .bss             zero     0x2000'2f04     0x2  main.o [1]
  .bss             zero     0x2000'2f06     0x2  main.o [1]
  .bss             zero     0x2000'2f08     0x1  main.o [1]
  .bss             zero     0x2000'2f09     0x1  main.o [1]
  .bss             zero     0x2000'2f0a     0x1  main.o [1]
                          - 0x2000'2f0b  0x2f0b

"P2", part 2 of 2:                       0x8004
  .noinit          uninit   0x2000'2f0c     0x4  system_TM4C1294_TW.o [1]
  CSTACK                    0x2000'2f10  0x8000  <Block>
    CSTACK         uninit   0x2000'2f10  0x8000  <Block tail>
                          - 0x2000'af10  0x8004

Unused ranges:

         From           To      Size
         ----           --      ----
       0x1804     0xf'ffff  0xf'e7fc
  0x2000'af10  0x2003'ffff  0x3'50f0


*******************************************************************************
*** INIT TABLE
***

          Address      Size
          -------      ----
Zero (__iar_zero_init3)
    1 destination range, total size 0x2f0b:
          0x2000'0000  0x2f0b



*******************************************************************************
*** MODULE SUMMARY
***

    Module                ro code  ro data  rw data
    ------                -------  -------  -------
command line/config:
    -----------------------------------------------
    Total:

C:\Users\ryuic\Downloads\Embarcados\Projects\lab1\Debug\Obj: [1]
    UARTInit.o                 92
    gpio.o                    432
    main.o                    492      112   12'039
    startup_TM4C1294.o        982
    system_TM4C1294_TW.o       32                 4
    uartstdio.o               594       56        4
    -----------------------------------------------
    Total:                  2'624      168   12'047

dl7M_tln.a: [2]
    exit.o                      4
    low_level_init.o            4
    -----------------------------------------------
    Total:                      8

driverlib.a: [3]
    gpio.o                    468      144
    sysctl.o                  684      588
    uart.o                    176
    -----------------------------------------------
    Total:                  1'328      732

m7M_tls.a: [4]
    DblDiv.o                  582
    DblMul.o                  418
    DblToS32.o                 58
    S32ToDbl.o                 34
    -----------------------------------------------
    Total:                  1'092

rt7M_tl.a: [5]
    cexit.o                    10
    cmain.o                    30
    cstartup_M.o               12
    data_init.o                40
    zero_init3.o               58
    -----------------------------------------------
    Total:                    150

shb_l.a: [6]
    exit.o                     20
    -----------------------------------------------
    Total:                     20

    Gaps                       10
    Linker created                      16   32'768
---------------------------------------------------
    Grand Total:            5'232      916   44'815


*******************************************************************************
*** ENTRY LIST
***

Entry                       Address    Size  Type      Object
-----                       -------    ----  ----      ------
.iar.init_table$$Base        0x16c4           --   Gb  - Linker created -
.iar.init_table$$Limit       0x16d4           --   Gb  - Linker created -
?main                        0x1715          Code  Gb  cmain.o [5]
CSTACK$$Base            0x2000'2f10           --   Gb  - Linker created -
CSTACK$$Limit           0x2000'af10           --   Gb  - Linker created -
GPIODirModeSet               0x11ed    0x28  Code  Gb  gpio.o [3]
GPIOPadConfigSet             0x1215   0x102  Code  Gb  gpio.o [3]
GPIOPinConfigure             0x137f    0x36  Code  Gb  gpio.o [3]
GPIOPinRead                  0x1317     0x8  Code  Gb  gpio.o [3]
GPIOPinTypeGPIOInput         0x132b    0x14  Code  Gb  gpio.o [3]
GPIOPinTypeGPIOOutput        0x133f     0xa  Code  Gb  gpio.o [3]
GPIOPinTypeUART              0x1363    0x14  Code  Gb  gpio.o [3]
GPIOPinWrite                 0x131f     0x8  Code  Gb  gpio.o [3]
GPIO_Init                     0xfe1   0x142  Code  Gb  gpio.o [1]
PortA_Output                 0x112f    0x12  Code  Gb  gpio.o [1]
PortC_Input                  0x1123     0xc  Code  Gb  gpio.o [1]
PortM_Output                 0x1141    0x10  Code  Gb  gpio.o [1]
Region$$Table$$Base          0x16c4           --   Gb  - Linker created -
Region$$Table$$Limit         0x16d4           --   Gb  - Linker created -
SysCtlClockFreqSet            0x42b   0x1fc  Code  Gb  sysctl.o [3]
SysCtlPeripheralEnable        0x40d     0x8  Code  Gb  sysctl.o [3]
SysCtlPeripheralPresent
                              0x3e1     0xa  Code  Gb  sysctl.o [3]
SysCtlPeripheralReady         0x3eb     0x8  Code  Gb  sysctl.o [3]
SystemCoreClock         0x2000'2f0c     0x4  Data  Gb  system_TM4C1294_TW.o [1]
SystemInit                   0x16f5    0x10  Code  Gb  system_TM4C1294_TW.o [1]
UARTCharPut                   0x999    0x10  Code  Gb  uart.o [3]
UARTConfigSetExpClk           0x8f9    0x5c  Code  Gb  uart.o [3]
UARTDisable                   0x96f    0x22  Code  Gb  uart.o [3]
UARTEnable                    0x955    0x1a  Code  Gb  uart.o [3]
UARTInit                     0x1191    0x5c  Code  Gb  UARTInit.o [1]
UARTStdioConfig               0x66d    0x48  Code  Gb  uartstdio.o [1]
UARTprintf                    0x8b1     0xe  Code  Gb  uartstdio.o [1]
UARTvprintf                   0x6e3   0x1b6  Code  Gb  uartstdio.o [1]
UARTwrite                     0x6b5    0x2e  Code  Gb  uartstdio.o [1]
_SysCtlMemTimingGet           0x3c1    0x20  Code  Lc  sysctl.o [3]
__Vectors                       0x0           --   Gb  startup_TM4C1294.o [1]
__Vectors_End                 0x3c0          Data  Gb  startup_TM4C1294.o [1]
__Vectors_Size {Abs}          0x3c0           --   Gb  startup_TM4C1294.o [1]
__aeabi_d2iz                  0xfa5          Code  Gb  DblToS32.o [4]
__aeabi_ddiv                  0x9a9          Code  Gb  DblDiv.o [4]
__aeabi_dmul                  0xe01          Code  Gb  DblMul.o [4]
__aeabi_i2d                   0xddd          Code  Gb  S32ToDbl.o [4]
__cmain                      0x1715          Code  Gb  cmain.o [5]
__exit                       0x1749    0x14  Code  Gb  exit.o [6]
__iar_data_init3             0x169d    0x28  Code  Gb  data_init.o [5]
__iar_init_vfp               0x17a1          Code  Wk  startup_TM4C1294.o [1]
__iar_program_start          0x17ed          Code  Gb  cstartup_M.o [5]
__iar_zero_init3              0x8bf    0x3a  Code  Gb  zero_init3.o [5]
__low_level_init             0x1733     0x4  Code  Gb  low_level_init.o [2]
__vector_table                  0x0          Data  Gb  startup_TM4C1294.o [1]
__vector_table_0x1c            0x1c          Data  Gb  startup_TM4C1294.o [1]
_call_main                   0x1721          Code  Gb  cmain.o [5]
_exit                        0x173d          Code  Gb  cexit.o [5]
_main                        0x172f          Code  Gb  cmain.o [5]
adquireAmostras               0xcad    0x40  Code  Gb  main.o [1]
computaResultados             0xbf1    0xbc  Code  Gb  main.o [1]
contaBaixosAltos              0xced    0x5a  Code  Gb  main.o [1]
duty_cycle              0x2000'2ef8     0x8  Data  Gb  main.o [1]
exit                         0x1737     0x4  Code  Gb  exit.o [2]
frequencia              0x2000'2ef0     0x8  Data  Gb  main.o [1]
g_pcHex                      0x1800     0x4  Data  Lc  uartstdio.o [1]
g_pppui32XTALtoVCO           0x13c0   0x1b0  Data  Lc  sysctl.o [3]
g_pui32GPIOBaseAddrs         0x1570    0x90  Data  Lc  gpio.o [3]
g_pui32VCOFrequencies         0x664     0x8  Data  Lc  sysctl.o [3]
g_pui32Xtals                 0x1600    0x6c  Data  Lc  sysctl.o [3]
g_sXTALtoMEMTIM              0x166c    0x30  Data  Lc  sysctl.o [3]
g_ui32Base              0x2000'2f00     0x4  Data  Lc  uartstdio.o [1]
g_ui32UARTBase               0x17d4     0xc  Data  Lc  uartstdio.o [1]
g_ui32UARTPeriph             0x17e0     0xc  Data  Lc  uartstdio.o [1]
i_vet                   0x2000'2f04     0x2  Data  Gb  main.o [1]
k                       0x2000'2ee0     0x8  Data  Gb  main.o [1]
main                          0xd47    0x46  Code  Gb  main.o [1]
n_altos                 0x2000'2f09     0x1  Data  Gb  main.o [1]
n_baixos                0x2000'2f0a     0x1  Data  Gb  main.o [1]
num_baixos_altos        0x2000'2f06     0x2  Data  Gb  main.o [1]
num_transicoes          0x2000'2f08     0x1  Data  Gb  main.o [1]
periodo                 0x2000'2ee8     0x8  Data  Gb  main.o [1]
vet                     0x2000'0000  0x2ee0  Data  Gb  main.o [1]


[1] = C:\Users\ryuic\Downloads\Embarcados\Projects\lab1\Debug\Obj
[2] = dl7M_tln.a
[3] = driverlib.a
[4] = m7M_tls.a
[5] = rt7M_tl.a
[6] = shb_l.a

   5'232 bytes of readonly  code memory
     916 bytes of readonly  data memory
  44'815 bytes of readwrite data memory

Errors: none
Warnings: none
